App.tsx(1,44): error TS7016: Could not find a declaration file for module 'react'. 'C:/V3/VEE/VEE-THREE/node_modules/react/index.js' implicitly has an 'any' type.
  Try `npm i --save-dev @types/react` if it exists or add a new declaration (.d.ts) file containing `declare module 'react';`
App.tsx(76,58): error TS7006: Parameter 'prev' implicitly has an 'any' type.
App.tsx(77,62): error TS7006: Parameter 'prev' implicitly has an 'any' type.
App.tsx(78,54): error TS7006: Parameter 'prev' implicitly has an 'any' type.
App.tsx(79,56): error TS7006: Parameter 'prev' implicitly has an 'any' type.
App.tsx(80,48): error TS7006: Parameter 'prev' implicitly has an 'any' type.
App.tsx(81,52): error TS7006: Parameter 'prev' implicitly has an 'any' type.
App.tsx(86,22): error TS7006: Parameter 'prev' implicitly has an 'any' type.
App.tsx(92,20): error TS7006: Parameter 'prev' implicitly has an 'any' type.
App.tsx(101,14): error TS7006: Parameter 'prev' implicitly has an 'any' type.
App.tsx(105,14): error TS7006: Parameter 'prev' implicitly has an 'any' type.
App.tsx(105,31): error TS7006: Parameter 'task' implicitly has an 'any' type.
App.tsx(109,14): error TS7006: Parameter 'prev' implicitly has an 'any' type.
App.tsx(109,31): error TS7006: Parameter 'task' implicitly has an 'any' type.
App.tsx(113,14): error TS7006: Parameter 'prev' implicitly has an 'any' type.
App.tsx(113,34): error TS7006: Parameter 'task' implicitly has an 'any' type.
App.tsx(130,9): error TS2801: This condition will always return true since this 'Promise<boolean>' is always defined.
App.tsx(137,5): error TS7026: JSX element implicitly has type 'any' because no interface 'JSX.IntrinsicElements' exists.
App.tsx(137,5): error TS7016: Could not find a declaration file for module 'react/jsx-runtime'. 'C:/V3/VEE/VEE-THREE/node_modules/react/jsx-runtime.js' implicitly has an 'any' type.
  Try `npm i --save-dev @types/react` if it exists or add a new declaration (.d.ts) file containing `declare module 'react/jsx-runtime';`
App.tsx(149,7): error TS7026: JSX element implicitly has type 'any' because no interface 'JSX.IntrinsicElements' exists.
App.tsx(150,9): error TS7026: JSX element implicitly has type 'any' because no interface 'JSX.IntrinsicElements' exists.
App.tsx(153,52): error TS7006: Parameter 'prev' implicitly has an 'any' type.
App.tsx(158,11): error TS7026: JSX element implicitly has type 'any' because no interface 'JSX.IntrinsicElements' exists.
App.tsx(172,11): error TS7026: JSX element implicitly has type 'any' because no interface 'JSX.IntrinsicElements' exists.
App.tsx(173,9): error TS7026: JSX element implicitly has type 'any' because no interface 'JSX.IntrinsicElements' exists.
App.tsx(174,7): error TS7026: JSX element implicitly has type 'any' because no interface 'JSX.IntrinsicElements' exists.
App.tsx(212,5): error TS7026: JSX element implicitly has type 'any' because no interface 'JSX.IntrinsicElements' exists.
components/AgentState.tsx(2,19): error TS7016: Could not find a declaration file for module 'react'. 'C:/V3/VEE/VEE-THREE/node_modules/react/index.js' implicitly has an 'any' type.
  Try `npm i --save-dev @types/react` if it exists or add a new declaration (.d.ts) file containing `declare module 'react';`
components/AgentState.tsx(6,62): error TS7031: Binding element 'className' implicitly has an 'any' type.
components/AgentState.tsx(7,5): error TS7026: JSX element implicitly has type 'any' because no interface 'JSX.IntrinsicElements' exists.
components/AgentState.tsx(7,5): error TS7016: Could not find a declaration file for module 'react/jsx-runtime'. 'C:/V3/VEE/VEE-THREE/node_modules/react/jsx-runtime.js' implicitly has an 'any' type.
  Try `npm i --save-dev @types/react` if it exists or add a new declaration (.d.ts) file containing `declare module 'react/jsx-runtime';`
components/AgentState.tsx(8,9): error TS7026: JSX element implicitly has type 'any' because no interface 'JSX.IntrinsicElements' exists.
components/AgentState.tsx(9,5): error TS7026: JSX element implicitly has type 'any' because no interface 'JSX.IntrinsicElements' exists.
components/AgentState.tsx(12,58): error TS7031: Binding element 'className' implicitly has an 'any' type.
components/AgentState.tsx(13,5): error TS7026: JSX element implicitly has type 'any' because no interface 'JSX.IntrinsicElements' exists.
components/AgentState.tsx(14,9): error TS7026: JSX element implicitly has type 'any' because no interface 'JSX.IntrinsicElements' exists.
components/AgentState.tsx(15,5): error TS7026: JSX element implicitly has type 'any' because no interface 'JSX.IntrinsicElements' exists.
components/AgentState.tsx(18,58): error TS7031: Binding element 'className' implicitly has an 'any' type.
components/AgentState.tsx(19,5): error TS7026: JSX element implicitly has type 'any' because no interface 'JSX.IntrinsicElements' exists.
components/AgentState.tsx(20,9): error TS7026: JSX element implicitly has type 'any' because no interface 'JSX.IntrinsicElements' exists.
components/AgentState.tsx(20,63): error TS7026: JSX element implicitly has type 'any' because no interface 'JSX.IntrinsicElements' exists.
components/AgentState.tsx(21,5): error TS7026: JSX element implicitly has type 'any' because no interface 'JSX.IntrinsicElements' exists.
components/AgentState.tsx(24,61): error TS7031: Binding element 'className' implicitly has an 'any' type.
components/AgentState.tsx(25,6): error TS7026: JSX element implicitly has type 'any' because no interface 'JSX.IntrinsicElements' exists.
components/AgentState.tsx(26,9): error TS7026: JSX element implicitly has type 'any' because no interface 'JSX.IntrinsicElements' exists.
components/AgentState.tsx(26,101): error TS7026: JSX element implicitly has type 'any' because no interface 'JSX.IntrinsicElements' exists.
components/AgentState.tsx(27,9): error TS7026: JSX element implicitly has type 'any' because no interface 'JSX.IntrinsicElements' exists.
components/AgentState.tsx(27,174): error TS7026: JSX element implicitly has type 'any' because no interface 'JSX.IntrinsicElements' exists.
components/AgentState.tsx(28,5): error TS7026: JSX element implicitly has type 'any' because no interface 'JSX.IntrinsicElements' exists.
components/AgentState.tsx(45,50): error TS7031: Binding element 'result' implicitly has an 'any' type.
components/AgentState.tsx(54,16): error TS7026: JSX element implicitly has type 'any' because no interface 'JSX.IntrinsicElements' exists.
components/AgentState.tsx(54,75): error TS7026: JSX element implicitly has type 'any' because no interface 'JSX.IntrinsicElements' exists.
components/AgentState.tsx(57,17): error TS7026: JSX element implicitly has type 'any' because no interface 'JSX.IntrinsicElements' exists.
components/AgentState.tsx(57,73): error TS7026: JSX element implicitly has type 'any' because no interface 'JSX.IntrinsicElements' exists.
components/AgentState.tsx(60,16): error TS7026: JSX element implicitly has type 'any' because no interface 'JSX.IntrinsicElements' exists.
components/AgentState.tsx(60,74): error TS7026: JSX element implicitly has type 'any' because no interface 'JSX.IntrinsicElements' exists.
components/AgentState.tsx(65,16): error TS7026: JSX element implicitly has type 'any' because no interface 'JSX.IntrinsicElements' exists.
components/AgentState.tsx(65,105): error TS7026: JSX element implicitly has type 'any' because no interface 'JSX.IntrinsicElements' exists.
components/AgentState.tsx(65,120): error TS7026: JSX element implicitly has type 'any' because no interface 'JSX.IntrinsicElements' exists.
components/AgentState.tsx(65,127): error TS7026: JSX element implicitly has type 'any' because no interface 'JSX.IntrinsicElements' exists.
components/AgentState.tsx(69,16): error TS7026: JSX element implicitly has type 'any' because no interface 'JSX.IntrinsicElements' exists.
components/AgentState.tsx(69,61): error TS7026: JSX element implicitly has type 'any' because no interface 'JSX.IntrinsicElements' exists.
components/AgentState.tsx(94,62): error TS7031: Binding element 'step' implicitly has an 'any' type.
components/AgentState.tsx(94,68): error TS7031: Binding element 'isLast' implicitly has an 'any' type.
components/AgentState.tsx(95,18): error TS7053: Element implicitly has an 'any' type because expression of type 'any' can't be used to index type 'Record<AgentStepStatus, React.FC<{ className?: string | undefined; }>>'.
components/AgentState.tsx(99,9): error TS7026: JSX element implicitly has type 'any' because no interface 'JSX.IntrinsicElements' exists.
components/AgentState.tsx(100,13): error TS7026: JSX element implicitly has type 'any' because no interface 'JSX.IntrinsicElements' exists.
components/AgentState.tsx(101,45): error TS7053: Element implicitly has an 'any' type because expression of type 'any' can't be used to index type 'Record<AgentStepStatus, string>'.
components/AgentState.tsx(102,29): error TS7026: JSX element implicitly has type 'any' because no interface 'JSX.IntrinsicElements' exists.
components/AgentState.tsx(102,77): error TS7026: JSX element implicitly has type 'any' because no interface 'JSX.IntrinsicElements' exists.
components/AgentState.tsx(103,13): error TS7026: JSX element implicitly has type 'any' because no interface 'JSX.IntrinsicElements' exists.
components/AgentState.tsx(104,13): error TS7026: JSX element implicitly has type 'any' because no interface 'JSX.IntrinsicElements' exists.
components/AgentState.tsx(105,17): error TS7026: JSX element implicitly has type 'any' because no interface 'JSX.IntrinsicElements' exists.
components/AgentState.tsx(106,21): error TS7026: JSX element implicitly has type 'any' because no interface 'JSX.IntrinsicElements' exists.
components/AgentState.tsx(106,76): error TS7026: JSX element implicitly has type 'any' because no interface 'JSX.IntrinsicElements' exists.
components/AgentState.tsx(108,25): error TS7026: JSX element implicitly has type 'any' because no interface 'JSX.IntrinsicElements' exists.
components/AgentState.tsx(110,25): error TS7026: JSX element implicitly has type 'any' because no interface 'JSX.IntrinsicElements' exists.
components/AgentState.tsx(112,17): error TS7026: JSX element implicitly has type 'any' because no interface 'JSX.IntrinsicElements' exists.
components/AgentState.tsx(113,33): error TS7026: JSX element implicitly has type 'any' because no interface 'JSX.IntrinsicElements' exists.
components/AgentState.tsx(113,92): error TS7026: JSX element implicitly has type 'any' because no interface 'JSX.IntrinsicElements' exists.
components/AgentState.tsx(114,13): error TS7026: JSX element implicitly has type 'any' because no interface 'JSX.IntrinsicElements' exists.
components/AgentState.tsx(115,9): error TS7026: JSX element implicitly has type 'any' because no interface 'JSX.IntrinsicElements' exists.
components/AgentState.tsx(120,54): error TS7031: Binding element 'plan' implicitly has an 'any' type.
components/AgentState.tsx(134,9): error TS7026: JSX element implicitly has type 'any' because no interface 'JSX.IntrinsicElements' exists.
components/AgentState.tsx(135,13): error TS7026: JSX element implicitly has type 'any' because no interface 'JSX.IntrinsicElements' exists.
components/AgentState.tsx(136,17): error TS7026: JSX element implicitly has type 'any' because no interface 'JSX.IntrinsicElements' exists.
components/AgentState.tsx(136,72): error TS7026: JSX element implicitly has type 'any' because no interface 'JSX.IntrinsicElements' exists.
components/AgentState.tsx(137,17): error TS7026: JSX element implicitly has type 'any' because no interface 'JSX.IntrinsicElements' exists.
components/AgentState.tsx(137,72): error TS7026: JSX element implicitly has type 'any' because no interface 'JSX.IntrinsicElements' exists.
components/AgentState.tsx(138,13): error TS7026: JSX element implicitly has type 'any' because no interface 'JSX.IntrinsicElements' exists.
components/AgentState.tsx(140,13): error TS7026: JSX element implicitly has type 'any' because no interface 'JSX.IntrinsicElements' exists.
components/AgentState.tsx(141,34): error TS7006: Parameter 'step' implicitly has an 'any' type.
components/AgentState.tsx(141,40): error TS7006: Parameter 'index' implicitly has an 'any' type.
components/AgentState.tsx(144,13): error TS7026: JSX element implicitly has type 'any' because no interface 'JSX.IntrinsicElements' exists.
components/AgentState.tsx(146,13): error TS7026: JSX element implicitly has type 'any' because no interface 'JSX.IntrinsicElements' exists.
components/AgentState.tsx(146,111): error TS18048: 'header' is possibly 'undefined'.
components/AgentState.tsx(147,18): error TS18048: 'header' is possibly 'undefined'.
components/AgentState.tsx(148,17): error TS7026: JSX element implicitly has type 'any' because no interface 'JSX.IntrinsicElements' exists.
components/AgentState.tsx(148,24): error TS18048: 'header' is possibly 'undefined'.
components/AgentState.tsx(148,36): error TS7026: JSX element implicitly has type 'any' because no interface 'JSX.IntrinsicElements' exists.
components/AgentState.tsx(149,13): error TS7026: JSX element implicitly has type 'any' because no interface 'JSX.IntrinsicElements' exists.
components/AgentState.tsx(150,9): error TS7026: JSX element implicitly has type 'any' because no interface 'JSX.IntrinsicElements' exists.
components/AuthContext.tsx(1,61): error TS7016: Could not find a declaration file for module 'react'. 'C:/V3/VEE/VEE-THREE/node_modules/react/index.js' implicitly has an 'any' type.
  Try `npm i --save-dev @types/react` if it exists or add a new declaration (.d.ts) file containing `declare module 'react';`
components/AuthContext.tsx(30,67): error TS7031: Binding element 'children' implicitly has an 'any' type.
components/AuthContext.tsx(42,9): error TS7016: Could not find a declaration file for module 'react/jsx-runtime'. 'C:/V3/VEE/VEE-THREE/node_modules/react/jsx-runtime.js' implicitly has an 'any' type.
  Try `npm i --save-dev @types/react` if it exists or add a new declaration (.d.ts) file containing `declare module 'react/jsx-runtime';`
components/ChatInput.tsx(1,67): error TS7016: Could not find a declaration file for module 'react'. 'C:/V3/VEE/VEE-THREE/node_modules/react/index.js' implicitly has an 'any' type.
  Try `npm i --save-dev @types/react` if it exists or add a new declaration (.d.ts) file containing `declare module 'react';`
components/ChatInput.tsx(61,55): error TS7031: Binding element 'className' implicitly has an 'any' type.
components/ChatInput.tsx(62,3): error TS7026: JSX element implicitly has type 'any' because no interface 'JSX.IntrinsicElements' exists.
components/ChatInput.tsx(62,3): error TS7016: Could not find a declaration file for module 'react/jsx-runtime'. 'C:/V3/VEE/VEE-THREE/node_modules/react/jsx-runtime.js' implicitly has an 'any' type.
  Try `npm i --save-dev @types/react` if it exists or add a new declaration (.d.ts) file containing `declare module 'react/jsx-runtime';`
components/ChatInput.tsx(63,5): error TS7026: JSX element implicitly has type 'any' because no interface 'JSX.IntrinsicElements' exists.
components/ChatInput.tsx(64,3): error TS7026: JSX element implicitly has type 'any' because no interface 'JSX.IntrinsicElements' exists.
components/ChatInput.tsx(67,60): error TS7031: Binding element 'className' implicitly has an 'any' type.
components/ChatInput.tsx(68,3): error TS7026: JSX element implicitly has type 'any' because no interface 'JSX.IntrinsicElements' exists.
components/ChatInput.tsx(69,5): error TS7026: JSX element implicitly has type 'any' because no interface 'JSX.IntrinsicElements' exists.
components/ChatInput.tsx(70,3): error TS7026: JSX element implicitly has type 'any' because no interface 'JSX.IntrinsicElements' exists.
components/ChatInput.tsx(73,56): error TS7031: Binding element 'className' implicitly has an 'any' type.
components/ChatInput.tsx(74,3): error TS7026: JSX element implicitly has type 'any' because no interface 'JSX.IntrinsicElements' exists.
components/ChatInput.tsx(75,5): error TS7026: JSX element implicitly has type 'any' because no interface 'JSX.IntrinsicElements' exists.
components/ChatInput.tsx(76,3): error TS7026: JSX element implicitly has type 'any' because no interface 'JSX.IntrinsicElements' exists.
components/ChatInput.tsx(79,61): error TS7031: Binding element 'className' implicitly has an 'any' type.
components/ChatInput.tsx(80,3): error TS7026: JSX element implicitly has type 'any' because no interface 'JSX.IntrinsicElements' exists.
components/ChatInput.tsx(81,5): error TS7026: JSX element implicitly has type 'any' because no interface 'JSX.IntrinsicElements' exists.
components/ChatInput.tsx(82,5): error TS7026: JSX element implicitly has type 'any' because no interface 'JSX.IntrinsicElements' exists.
components/ChatInput.tsx(83,3): error TS7026: JSX element implicitly has type 'any' because no interface 'JSX.IntrinsicElements' exists.
components/ChatInput.tsx(86,62): error TS7031: Binding element 'className' implicitly has an 'any' type.
components/ChatInput.tsx(87,3): error TS7026: JSX element implicitly has type 'any' because no interface 'JSX.IntrinsicElements' exists.
components/ChatInput.tsx(88,5): error TS7026: JSX element implicitly has type 'any' because no interface 'JSX.IntrinsicElements' exists.
components/ChatInput.tsx(89,3): error TS7026: JSX element implicitly has type 'any' because no interface 'JSX.IntrinsicElements' exists.
components/ChatInput.tsx(92,48): error TS7031: Binding element 'onSendMessage' implicitly has an 'any' type.
components/ChatInput.tsx(92,63): error TS7031: Binding element 'isLoading' implicitly has an 'any' type.
components/ChatInput.tsx(92,74): error TS7031: Binding element 'isScreenSharing' implicitly has an 'any' type.
components/ChatInput.tsx(92,91): error TS7031: Binding element 'onToggleScreenShare' implicitly has an 'any' type.
components/ChatInput.tsx(179,18): error TS7006: Parameter 'prev' implicitly has an 'any' type.
components/ChatInput.tsx(185,14): error TS7006: Parameter 'prev' implicitly has an 'any' type.
components/ChatInput.tsx(185,35): error TS7006: Parameter '_' implicitly has an 'any' type.
components/ChatInput.tsx(185,38): error TS7006: Parameter 'i' implicitly has an 'any' type.
components/ChatInput.tsx(210,5): error TS7026: JSX element implicitly has type 'any' because no interface 'JSX.IntrinsicElements' exists.
components/ChatInput.tsx(212,9): error TS7026: JSX element implicitly has type 'any' because no interface 'JSX.IntrinsicElements' exists.
components/ChatInput.tsx(213,11): error TS7026: JSX element implicitly has type 'any' because no interface 'JSX.IntrinsicElements' exists.
components/ChatInput.tsx(214,25): error TS7006: Parameter 'file' implicitly has an 'any' type.
components/ChatInput.tsx(214,31): error TS7006: Parameter 'index' implicitly has an 'any' type.
components/ChatInput.tsx(215,15): error TS7026: JSX element implicitly has type 'any' because no interface 'JSX.IntrinsicElements' exists.
components/ChatInput.tsx(216,17): error TS7026: JSX element implicitly has type 'any' because no interface 'JSX.IntrinsicElements' exists.
components/ChatInput.tsx(216,92): error TS7026: JSX element implicitly has type 'any' because no interface 'JSX.IntrinsicElements' exists.
components/ChatInput.tsx(217,17): error TS7026: JSX element implicitly has type 'any' because no interface 'JSX.IntrinsicElements' exists.
components/ChatInput.tsx(223,17): error TS7026: JSX element implicitly has type 'any' because no interface 'JSX.IntrinsicElements' exists.
components/ChatInput.tsx(224,15): error TS7026: JSX element implicitly has type 'any' because no interface 'JSX.IntrinsicElements' exists.
components/ChatInput.tsx(226,11): error TS7026: JSX element implicitly has type 'any' because no interface 'JSX.IntrinsicElements' exists.
components/ChatInput.tsx(227,9): error TS7026: JSX element implicitly has type 'any' because no interface 'JSX.IntrinsicElements' exists.
components/ChatInput.tsx(229,7): error TS7026: JSX element implicitly has type 'any' because no interface 'JSX.IntrinsicElements' exists.
components/ChatInput.tsx(230,9): error TS7026: JSX element implicitly has type 'any' because no interface 'JSX.IntrinsicElements' exists.
components/ChatInput.tsx(240,9): error TS7026: JSX element implicitly has type 'any' because no interface 'JSX.IntrinsicElements' exists.
components/ChatInput.tsx(247,9): error TS7026: JSX element implicitly has type 'any' because no interface 'JSX.IntrinsicElements' exists.
components/ChatInput.tsx(248,9): error TS7026: JSX element implicitly has type 'any' because no interface 'JSX.IntrinsicElements' exists.
components/ChatInput.tsx(258,9): error TS7026: JSX element implicitly has type 'any' because no interface 'JSX.IntrinsicElements' exists.
components/ChatInput.tsx(268,9): error TS7026: JSX element implicitly has type 'any' because no interface 'JSX.IntrinsicElements' exists.
components/ChatInput.tsx(270,11): error TS7026: JSX element implicitly has type 'any' because no interface 'JSX.IntrinsicElements' exists.
components/ChatInput.tsx(280,11): error TS7026: JSX element implicitly has type 'any' because no interface 'JSX.IntrinsicElements' exists.
components/ChatInput.tsx(282,9): error TS7026: JSX element implicitly has type 'any' because no interface 'JSX.IntrinsicElements' exists.
components/ChatInput.tsx(289,9): error TS7026: JSX element implicitly has type 'any' because no interface 'JSX.IntrinsicElements' exists.
components/ChatInput.tsx(290,7): error TS7026: JSX element implicitly has type 'any' because no interface 'JSX.IntrinsicElements' exists.
components/ChatInput.tsx(291,5): error TS7026: JSX element implicitly has type 'any' because no interface 'JSX.IntrinsicElements' exists.
components/ChatInterface.tsx(2,65): error TS7016: Could not find a declaration file for module 'react'. 'C:/V3/VEE/VEE-THREE/node_modules/react/index.js' implicitly has an 'any' type.
  Try `npm i --save-dev @types/react` if it exists or add a new declaration (.d.ts) file containing `declare module 'react';`
components/ChatInterface.tsx(54,56): error TS7031: Binding element 'isAudioEnabled' implicitly has an 'any' type.
components/ChatInterface.tsx(54,72): error TS7031: Binding element 'onAddTask' implicitly has an 'any' type.
components/ChatInterface.tsx(54,83): error TS7031: Binding element 'tasks' implicitly has an 'any' type.
components/ChatInterface.tsx(54,90): error TS7031: Binding element 'onUpdateTaskStatus' implicitly has an 'any' type.
components/ChatInterface.tsx(54,110): error TS7031: Binding element 'onDeleteTask' implicitly has an 'any' type.
components/ChatInterface.tsx(54,124): error TS7031: Binding element 'isScreenSharing' implicitly has an 'any' type.
components/ChatInterface.tsx(54,141): error TS7031: Binding element 'onSetIsScreenSharing' implicitly has an 'any' type.
components/ChatInterface.tsx(54,163): error TS7031: Binding element 'connections' implicitly has an 'any' type.
components/ChatInterface.tsx(54,176): error TS7031: Binding element 'onRenameArchiveFile' implicitly has an 'any' type.
components/ChatInterface.tsx(54,197): error TS7031: Binding element 'onUploadToArchive' implicitly has an 'any' type.
components/ChatInterface.tsx(54,216): error TS7031: Binding element 'activeWorkspace' implicitly has an 'any' type.
components/ChatInterface.tsx(122,25): error TS7006: Parameter 'prev' implicitly has an 'any' type.
components/ChatInterface.tsx(131,29): error TS7006: Parameter 'prev' implicitly has an 'any' type.
components/ChatInterface.tsx(131,46): error TS7006: Parameter 'm' implicitly has an 'any' type.
components/ChatInterface.tsx(143,29): error TS7006: Parameter 'prev' implicitly has an 'any' type.
components/ChatInterface.tsx(143,46): error TS7006: Parameter 'm' implicitly has an 'any' type.
components/ChatInterface.tsx(199,29): error TS7006: Parameter 'prev' implicitly has an 'any' type.
components/ChatInterface.tsx(212,50): error TS7006: Parameter 'track' implicitly has an 'any' type.
components/ChatInterface.tsx(253,46): error TS7006: Parameter 'track' implicitly has an 'any' type.
components/ChatInterface.tsx(506,61): error TS7006: Parameter 't' implicitly has an 'any' type.
components/ChatInterface.tsx(510,125): error TS7006: Parameter 't' implicitly has an 'any' type.
components/ChatInterface.tsx(515,47): error TS7006: Parameter 't' implicitly has an 'any' type.
components/ChatInterface.tsx(525,47): error TS7006: Parameter 't' implicitly has an 'any' type.
components/ChatInterface.tsx(680,25): error TS7006: Parameter 'prev' implicitly has an 'any' type.
components/ChatInterface.tsx(680,42): error TS7006: Parameter 'msg' implicitly has an 'any' type.
components/ChatInterface.tsx(690,29): error TS7006: Parameter 'prev' implicitly has an 'any' type.
components/ChatInterface.tsx(690,46): error TS7006: Parameter 'msg' implicitly has an 'any' type.
components/ChatInterface.tsx(695,29): error TS7006: Parameter 'prev' implicitly has an 'any' type.
components/ChatInterface.tsx(695,46): error TS7006: Parameter 'msg' implicitly has an 'any' type.
components/ChatInterface.tsx(701,21): error TS7006: Parameter 'prev' implicitly has an 'any' type.
components/ChatInterface.tsx(701,38): error TS7006: Parameter 'msg' implicitly has an 'any' type.
components/ChatInterface.tsx(707,26): error TS18048: 'agentCall.args' is possibly 'undefined'.
components/ChatInterface.tsx(725,25): error TS7006: Parameter 'prev' implicitly has an 'any' type.
components/ChatInterface.tsx(740,46): error TS2345: Argument of type 'string | undefined' is not assignable to parameter of type 'string'.
  Type 'undefined' is not assignable to type 'string'.
components/ChatInterface.tsx(769,25): error TS7006: Parameter 'prev' implicitly has an 'any' type.
components/ChatInterface.tsx(773,21): error TS7006: Parameter 'prev' implicitly has an 'any' type.
components/ChatInterface.tsx(782,30): error TS7006: Parameter 'prev' implicitly has an 'any' type.
components/ChatInterface.tsx(793,26): error TS7006: Parameter 'prev' implicitly has an 'any' type.
components/ChatInterface.tsx(801,25): error TS7006: Parameter 'prev' implicitly has an 'any' type.
components/ChatInterface.tsx(810,33): error TS7006: Parameter 'prev' implicitly has an 'any' type.
components/ChatInterface.tsx(818,29): error TS7006: Parameter 'prev' implicitly has an 'any' type.
components/ChatInterface.tsx(824,21): error TS7006: Parameter 'prev' implicitly has an 'any' type.
components/ChatInterface.tsx(828,29): error TS7006: Parameter 'prev' implicitly has an 'any' type.
components/ChatInterface.tsx(828,46): error TS7006: Parameter 'msg' implicitly has an 'any' type.
components/ChatInterface.tsx(836,30): error TS7006: Parameter 'prev' implicitly has an 'any' type.
components/ChatInterface.tsx(853,26): error TS7006: Parameter 'prev' implicitly has an 'any' type.
components/ChatInterface.tsx(861,25): error TS7006: Parameter 'prev' implicitly has an 'any' type.
components/ChatInterface.tsx(865,21): error TS7006: Parameter 'prev' implicitly has an 'any' type.
components/ChatInterface.tsx(872,30): error TS7006: Parameter 'prev' implicitly has an 'any' type.
components/ChatInterface.tsx(886,30): error TS7006: Parameter 'prev' implicitly has an 'any' type.
components/ChatInterface.tsx(899,26): error TS7006: Parameter 'prev' implicitly has an 'any' type.
components/ChatInterface.tsx(906,22): error TS7006: Parameter 'prev' implicitly has an 'any' type.
components/ChatInterface.tsx(915,30): error TS7006: Parameter 'prev' implicitly has an 'any' type.
components/ChatInterface.tsx(926,26): error TS7006: Parameter 'prev' implicitly has an 'any' type.
components/ChatInterface.tsx(935,25): error TS7006: Parameter 'prev' implicitly has an 'any' type.
components/ChatInterface.tsx(939,29): error TS7006: Parameter 'prev' implicitly has an 'any' type.
components/ChatInterface.tsx(941,29): error TS7006: Parameter 'prev' implicitly has an 'any' type.
components/ChatInterface.tsx(950,29): error TS7006: Parameter 'prev' implicitly has an 'any' type.
components/ChatInterface.tsx(954,25): error TS7006: Parameter 'prev' implicitly has an 'any' type.
components/ChatInterface.tsx(959,29): error TS7006: Parameter 'prev' implicitly has an 'any' type.
components/ChatInterface.tsx(961,29): error TS7006: Parameter 'prev' implicitly has an 'any' type.
components/ChatInterface.tsx(969,25): error TS7006: Parameter 'prev' implicitly has an 'any' type.
components/ChatInterface.tsx(973,29): error TS7006: Parameter 'prev' implicitly has an 'any' type.
components/ChatInterface.tsx(975,29): error TS7006: Parameter 'prev' implicitly has an 'any' type.
components/ChatInterface.tsx(984,25): error TS7006: Parameter 'prev' implicitly has an 'any' type.
components/ChatInterface.tsx(987,29): error TS7006: Parameter 'prev' implicitly has an 'any' type.
components/ChatInterface.tsx(989,29): error TS7006: Parameter 'prev' implicitly has an 'any' type.
components/ChatInterface.tsx(997,22): error TS7006: Parameter 'prev' implicitly has an 'any' type.
components/ChatInterface.tsx(1044,26): error TS7006: Parameter 'prev' implicitly has an 'any' type.
components/ChatInterface.tsx(1071,26): error TS7006: Parameter 'prev' implicitly has an 'any' type.
components/ChatInterface.tsx(1100,22): error TS7006: Parameter 'prev' implicitly has an 'any' type.
components/ChatInterface.tsx(1126,9): error TS7026: JSX element implicitly has type 'any' because no interface 'JSX.IntrinsicElements' exists.
components/ChatInterface.tsx(1126,9): error TS7016: Could not find a declaration file for module 'react/jsx-runtime'. 'C:/V3/VEE/VEE-THREE/node_modules/react/jsx-runtime.js' implicitly has an 'any' type.
  Try `npm i --save-dev @types/react` if it exists or add a new declaration (.d.ts) file containing `declare module 'react/jsx-runtime';`
components/ChatInterface.tsx(1127,13): error TS7026: JSX element implicitly has type 'any' because no interface 'JSX.IntrinsicElements' exists.
components/ChatInterface.tsx(1127,56): error TS7026: JSX element implicitly has type 'any' because no interface 'JSX.IntrinsicElements' exists.
components/ChatInterface.tsx(1128,13): error TS7026: JSX element implicitly has type 'any' because no interface 'JSX.IntrinsicElements' exists.
components/ChatInterface.tsx(1129,32): error TS7006: Parameter 'msg' implicitly has an 'any' type.
components/ChatInterface.tsx(1129,37): error TS7006: Parameter 'index' implicitly has an 'any' type.
components/ChatInterface.tsx(1132,17): error TS7026: JSX element implicitly has type 'any' because no interface 'JSX.IntrinsicElements' exists.
components/ChatInterface.tsx(1133,13): error TS7026: JSX element implicitly has type 'any' because no interface 'JSX.IntrinsicElements' exists.
components/ChatInterface.tsx(1136,17): error TS7026: JSX element implicitly has type 'any' because no interface 'JSX.IntrinsicElements' exists.
components/ChatInterface.tsx(1137,21): error TS7026: JSX element implicitly has type 'any' because no interface 'JSX.IntrinsicElements' exists.
components/ChatInterface.tsx(1137,156): error TS7026: JSX element implicitly has type 'any' because no interface 'JSX.IntrinsicElements' exists.
components/ChatInterface.tsx(1138,21): error TS7026: JSX element implicitly has type 'any' because no interface 'JSX.IntrinsicElements' exists.
components/ChatInterface.tsx(1139,17): error TS7026: JSX element implicitly has type 'any' because no interface 'JSX.IntrinsicElements' exists.
components/ChatInterface.tsx(1142,13): error TS7026: JSX element implicitly has type 'any' because no interface 'JSX.IntrinsicElements' exists.
components/ChatInterface.tsx(1149,13): error TS7026: JSX element implicitly has type 'any' because no interface 'JSX.IntrinsicElements' exists.
components/ChatInterface.tsx(1150,9): error TS7026: JSX element implicitly has type 'any' because no interface 'JSX.IntrinsicElements' exists.
components/ChatMessage.tsx(2,19): error TS7016: Could not find a declaration file for module 'react'. 'C:/V3/VEE/VEE-THREE/node_modules/react/index.js' implicitly has an 'any' type.
  Try `npm i --save-dev @types/react` if it exists or add a new declaration (.d.ts) file containing `declare module 'react';`
components/ChatMessage.tsx(11,3): error TS7026: JSX element implicitly has type 'any' because no interface 'JSX.IntrinsicElements' exists.
components/ChatMessage.tsx(11,3): error TS7016: Could not find a declaration file for module 'react/jsx-runtime'. 'C:/V3/VEE/VEE-THREE/node_modules/react/jsx-runtime.js' implicitly has an 'any' type.
  Try `npm i --save-dev @types/react` if it exists or add a new declaration (.d.ts) file containing `declare module 'react/jsx-runtime';`
components/ChatMessage.tsx(13,3): error TS7026: JSX element implicitly has type 'any' because no interface 'JSX.IntrinsicElements' exists.
components/ChatMessage.tsx(17,5): error TS7026: JSX element implicitly has type 'any' because no interface 'JSX.IntrinsicElements' exists.
components/ChatMessage.tsx(18,6): error TS7026: JSX element implicitly has type 'any' because no interface 'JSX.IntrinsicElements' exists.
components/ChatMessage.tsx(19,8): error TS7026: JSX element implicitly has type 'any' because no interface 'JSX.IntrinsicElements' exists.
components/ChatMessage.tsx(20,6): error TS7026: JSX element implicitly has type 'any' because no interface 'JSX.IntrinsicElements' exists.
components/ChatMessage.tsx(21,5): error TS7026: JSX element implicitly has type 'any' because no interface 'JSX.IntrinsicElements' exists.
components/ChatMessage.tsx(25,5): error TS7026: JSX element implicitly has type 'any' because no interface 'JSX.IntrinsicElements' exists.
components/ChatMessage.tsx(26,9): error TS7026: JSX element implicitly has type 'any' because no interface 'JSX.IntrinsicElements' exists.
components/ChatMessage.tsx(26,98): error TS7026: JSX element implicitly has type 'any' because no interface 'JSX.IntrinsicElements' exists.
components/ChatMessage.tsx(27,9): error TS7026: JSX element implicitly has type 'any' because no interface 'JSX.IntrinsicElements' exists.
components/ChatMessage.tsx(27,99): error TS7026: JSX element implicitly has type 'any' because no interface 'JSX.IntrinsicElements' exists.
components/ChatMessage.tsx(28,9): error TS7026: JSX element implicitly has type 'any' because no interface 'JSX.IntrinsicElements' exists.
components/ChatMessage.tsx(28,74): error TS7026: JSX element implicitly has type 'any' because no interface 'JSX.IntrinsicElements' exists.
components/ChatMessage.tsx(29,5): error TS7026: JSX element implicitly has type 'any' because no interface 'JSX.IntrinsicElements' exists.
components/ChatMessage.tsx(32,59): error TS7031: Binding element 'className' implicitly has an 'any' type.
components/ChatMessage.tsx(33,5): error TS7026: JSX element implicitly has type 'any' because no interface 'JSX.IntrinsicElements' exists.
components/ChatMessage.tsx(34,9): error TS7026: JSX element implicitly has type 'any' because no interface 'JSX.IntrinsicElements' exists.
components/ChatMessage.tsx(35,5): error TS7026: JSX element implicitly has type 'any' because no interface 'JSX.IntrinsicElements' exists.
components/ChatMessage.tsx(38,55): error TS7031: Binding element 'className' implicitly has an 'any' type.
components/ChatMessage.tsx(39,5): error TS7026: JSX element implicitly has type 'any' because no interface 'JSX.IntrinsicElements' exists.
components/ChatMessage.tsx(40,7): error TS7026: JSX element implicitly has type 'any' because no interface 'JSX.IntrinsicElements' exists.
components/ChatMessage.tsx(41,5): error TS7026: JSX element implicitly has type 'any' because no interface 'JSX.IntrinsicElements' exists.
components/ChatMessage.tsx(44,59): error TS7031: Binding element 'sources' implicitly has an 'any' type.
components/ChatMessage.tsx(47,40): error TS7006: Parameter 'chunk' implicitly has an 'any' type.
components/ChatMessage.tsx(61,9): error TS7026: JSX element implicitly has type 'any' because no interface 'JSX.IntrinsicElements' exists.
components/ChatMessage.tsx(62,13): error TS7026: JSX element implicitly has type 'any' because no interface 'JSX.IntrinsicElements' exists.
components/ChatMessage.tsx(62,78): error TS7026: JSX element implicitly has type 'any' because no interface 'JSX.IntrinsicElements' exists.
components/ChatMessage.tsx(63,13): error TS7026: JSX element implicitly has type 'any' because no interface 'JSX.IntrinsicElements' exists.
components/ChatMessage.tsx(64,37): error TS7006: Parameter 'source' implicitly has an 'any' type.
components/ChatMessage.tsx(64,45): error TS7006: Parameter 'index' implicitly has an 'any' type.
components/ChatMessage.tsx(65,21): error TS7026: JSX element implicitly has type 'any' because no interface 'JSX.IntrinsicElements' exists.
components/ChatMessage.tsx(66,25): error TS7026: JSX element implicitly has type 'any' because no interface 'JSX.IntrinsicElements' exists.
components/ChatMessage.tsx(67,28): error TS7026: JSX element implicitly has type 'any' because no interface 'JSX.IntrinsicElements' exists.
components/ChatMessage.tsx(67,69): error TS7026: JSX element implicitly has type 'any' because no interface 'JSX.IntrinsicElements' exists.
components/ChatMessage.tsx(68,25): error TS7026: JSX element implicitly has type 'any' because no interface 'JSX.IntrinsicElements' exists.
components/ChatMessage.tsx(69,21): error TS7026: JSX element implicitly has type 'any' because no interface 'JSX.IntrinsicElements' exists.
components/ChatMessage.tsx(71,13): error TS7026: JSX element implicitly has type 'any' because no interface 'JSX.IntrinsicElements' exists.
components/ChatMessage.tsx(72,9): error TS7026: JSX element implicitly has type 'any' because no interface 'JSX.IntrinsicElements' exists.
components/ChatMessage.tsx(76,52): error TS7031: Binding element 'message' implicitly has an 'any' type.
components/ChatMessage.tsx(90,5): error TS7026: JSX element implicitly has type 'any' because no interface 'JSX.IntrinsicElements' exists.
components/ChatMessage.tsx(92,7): error TS7026: JSX element implicitly has type 'any' because no interface 'JSX.IntrinsicElements' exists.
components/ChatMessage.tsx(94,11): error TS7026: JSX element implicitly has type 'any' because no interface 'JSX.IntrinsicElements' exists.
components/ChatMessage.tsx(96,33): error TS7026: JSX element implicitly has type 'any' because no interface 'JSX.IntrinsicElements' exists.
components/ChatMessage.tsx(96,94): error TS7026: JSX element implicitly has type 'any' because no interface 'JSX.IntrinsicElements' exists.
components/ChatMessage.tsx(97,11): error TS7026: JSX element implicitly has type 'any' because no interface 'JSX.IntrinsicElements' exists.
components/ChatMessage.tsx(105,19): error TS7026: JSX element implicitly has type 'any' because no interface 'JSX.IntrinsicElements' exists.
components/ChatMessage.tsx(112,19): error TS7026: JSX element implicitly has type 'any' because no interface 'JSX.IntrinsicElements' exists.
components/ChatMessage.tsx(118,19): error TS7026: JSX element implicitly has type 'any' because no interface 'JSX.IntrinsicElements' exists.
components/ChatMessage.tsx(121,19): error TS7026: JSX element implicitly has type 'any' because no interface 'JSX.IntrinsicElements' exists.
components/ChatMessage.tsx(121,157): error TS7026: JSX element implicitly has type 'any' because no interface 'JSX.IntrinsicElements' exists.
components/ChatMessage.tsx(129,13): error TS7026: JSX element implicitly has type 'any' because no interface 'JSX.IntrinsicElements' exists.
components/ChatMessage.tsx(130,37): error TS7006: Parameter 'file' implicitly has an 'any' type.
components/ChatMessage.tsx(130,43): error TS7006: Parameter 'index' implicitly has an 'any' type.
components/ChatMessage.tsx(131,21): error TS7026: JSX element implicitly has type 'any' because no interface 'JSX.IntrinsicElements' exists.
components/ChatMessage.tsx(133,25): error TS7026: JSX element implicitly has type 'any' because no interface 'JSX.IntrinsicElements' exists.
components/ChatMessage.tsx(133,81): error TS7026: JSX element implicitly has type 'any' because no interface 'JSX.IntrinsicElements' exists.
components/ChatMessage.tsx(134,21): error TS7026: JSX element implicitly has type 'any' because no interface 'JSX.IntrinsicElements' exists.
components/ChatMessage.tsx(136,13): error TS7026: JSX element implicitly has type 'any' because no interface 'JSX.IntrinsicElements' exists.
components/ChatMessage.tsx(138,7): error TS7026: JSX element implicitly has type 'any' because no interface 'JSX.IntrinsicElements' exists.
components/ChatMessage.tsx(140,5): error TS7026: JSX element implicitly has type 'any' because no interface 'JSX.IntrinsicElements' exists.
components/ConnectionsManager.tsx(2,33): error TS7016: Could not find a declaration file for module 'react'. 'C:/V3/VEE/VEE-THREE/node_modules/react/index.js' implicitly has an 'any' type.
  Try `npm i --save-dev @types/react` if it exists or add a new declaration (.d.ts) file containing `declare module 'react';`
components/ConnectionsManager.tsx(6,56): error TS7031: Binding element 'className' implicitly has an 'any' type.
components/ConnectionsManager.tsx(7,3): error TS7026: JSX element implicitly has type 'any' because no interface 'JSX.IntrinsicElements' exists.
components/ConnectionsManager.tsx(7,3): error TS7016: Could not find a declaration file for module 'react/jsx-runtime'. 'C:/V3/VEE/VEE-THREE/node_modules/react/jsx-runtime.js' implicitly has an 'any' type.
  Try `npm i --save-dev @types/react` if it exists or add a new declaration (.d.ts) file containing `declare module 'react/jsx-runtime';`
components/ConnectionsManager.tsx(8,5): error TS7026: JSX element implicitly has type 'any' because no interface 'JSX.IntrinsicElements' exists.
components/ConnectionsManager.tsx(9,3): error TS7026: JSX element implicitly has type 'any' because no interface 'JSX.IntrinsicElements' exists.
components/ConnectionsManager.tsx(11,57): error TS7031: Binding element 'className' implicitly has an 'any' type.
components/ConnectionsManager.tsx(12,5): error TS7026: JSX element implicitly has type 'any' because no interface 'JSX.IntrinsicElements' exists.
components/ConnectionsManager.tsx(12,52): error TS7026: JSX element implicitly has type 'any' because no interface 'JSX.IntrinsicElements' exists.
components/ConnectionsManager.tsx(12,213): error TS7026: JSX element implicitly has type 'any' because no interface 'JSX.IntrinsicElements' exists.
components/ConnectionsManager.tsx(12,220): error TS7026: JSX element implicitly has type 'any' because no interface 'JSX.IntrinsicElements' exists.
components/ConnectionsManager.tsx(12,367): error TS7026: JSX element implicitly has type 'any' because no interface 'JSX.IntrinsicElements' exists.
components/ConnectionsManager.tsx(12,374): error TS7026: JSX element implicitly has type 'any' because no interface 'JSX.IntrinsicElements' exists.
components/ConnectionsManager.tsx(12,528): error TS7026: JSX element implicitly has type 'any' because no interface 'JSX.IntrinsicElements' exists.
components/ConnectionsManager.tsx(12,535): error TS7026: JSX element implicitly has type 'any' because no interface 'JSX.IntrinsicElements' exists.
components/ConnectionsManager.tsx(12,700): error TS7026: JSX element implicitly has type 'any' because no interface 'JSX.IntrinsicElements' exists.
components/ConnectionsManager.tsx(12,707): error TS7026: JSX element implicitly has type 'any' because no interface 'JSX.IntrinsicElements' exists.
components/ConnectionsManager.tsx(12,743): error TS7026: JSX element implicitly has type 'any' because no interface 'JSX.IntrinsicElements' exists.
components/ConnectionsManager.tsx(12,750): error TS7026: JSX element implicitly has type 'any' because no interface 'JSX.IntrinsicElements' exists.
components/ConnectionsManager.tsx(14,57): error TS7031: Binding element 'className' implicitly has an 'any' type.
components/ConnectionsManager.tsx(15,5): error TS7026: JSX element implicitly has type 'any' because no interface 'JSX.IntrinsicElements' exists.
components/ConnectionsManager.tsx(15,72): error TS7026: JSX element implicitly has type 'any' because no interface 'JSX.IntrinsicElements' exists.
components/ConnectionsManager.tsx(15,796): error TS7026: JSX element implicitly has type 'any' because no interface 'JSX.IntrinsicElements' exists.
components/ConnectionsManager.tsx(17,57): error TS7031: Binding element 'className' implicitly has an 'any' type.
components/ConnectionsManager.tsx(18,5): error TS7026: JSX element implicitly has type 'any' because no interface 'JSX.IntrinsicElements' exists.
components/ConnectionsManager.tsx(18,72): error TS7026: JSX element implicitly has type 'any' because no interface 'JSX.IntrinsicElements' exists.
components/ConnectionsManager.tsx(18,107): error TS7026: JSX element implicitly has type 'any' because no interface 'JSX.IntrinsicElements' exists.
components/ConnectionsManager.tsx(35,66): error TS7031: Binding element 'isOpen' implicitly has an 'any' type.
components/ConnectionsManager.tsx(35,74): error TS7031: Binding element 'onClose' implicitly has an 'any' type.
components/ConnectionsManager.tsx(35,83): error TS7031: Binding element 'connections' implicitly has an 'any' type.
components/ConnectionsManager.tsx(35,96): error TS7031: Binding element 'onConnect' implicitly has an 'any' type.
components/ConnectionsManager.tsx(35,107): error TS7031: Binding element 'onDisconnect' implicitly has an 'any' type.
components/ConnectionsManager.tsx(52,9): error TS7026: JSX element implicitly has type 'any' because no interface 'JSX.IntrinsicElements' exists.
components/ConnectionsManager.tsx(53,13): error TS7026: JSX element implicitly has type 'any' because no interface 'JSX.IntrinsicElements' exists.
components/ConnectionsManager.tsx(53,130): error TS7006: Parameter 'e' implicitly has an 'any' type.
components/ConnectionsManager.tsx(54,17): error TS7026: JSX element implicitly has type 'any' because no interface 'JSX.IntrinsicElements' exists.
components/ConnectionsManager.tsx(55,21): error TS7026: JSX element implicitly has type 'any' because no interface 'JSX.IntrinsicElements' exists.
components/ConnectionsManager.tsx(55,99): error TS7026: JSX element implicitly has type 'any' because no interface 'JSX.IntrinsicElements' exists.
components/ConnectionsManager.tsx(56,21): error TS7026: JSX element implicitly has type 'any' because no interface 'JSX.IntrinsicElements' exists.
components/ConnectionsManager.tsx(58,21): error TS7026: JSX element implicitly has type 'any' because no interface 'JSX.IntrinsicElements' exists.
components/ConnectionsManager.tsx(59,17): error TS7026: JSX element implicitly has type 'any' because no interface 'JSX.IntrinsicElements' exists.
components/ConnectionsManager.tsx(60,17): error TS7026: JSX element implicitly has type 'any' because no interface 'JSX.IntrinsicElements' exists.
components/ConnectionsManager.tsx(67,29): error TS7026: JSX element implicitly has type 'any' because no interface 'JSX.IntrinsicElements' exists.
components/ConnectionsManager.tsx(68,33): error TS7026: JSX element implicitly has type 'any' because no interface 'JSX.IntrinsicElements' exists.
components/ConnectionsManager.tsx(70,37): error TS7026: JSX element implicitly has type 'any' because no interface 'JSX.IntrinsicElements' exists.
components/ConnectionsManager.tsx(71,41): error TS7026: JSX element implicitly has type 'any' because no interface 'JSX.IntrinsicElements' exists.
components/ConnectionsManager.tsx(71,98): error TS7026: JSX element implicitly has type 'any' because no interface 'JSX.IntrinsicElements' exists.
components/ConnectionsManager.tsx(73,45): error TS7026: JSX element implicitly has type 'any' because no interface 'JSX.IntrinsicElements' exists.
components/ConnectionsManager.tsx(73,96): error TS7026: JSX element implicitly has type 'any' because no interface 'JSX.IntrinsicElements' exists.
components/ConnectionsManager.tsx(73,147): error TS7026: JSX element implicitly has type 'any' because no interface 'JSX.IntrinsicElements' exists.
components/ConnectionsManager.tsx(73,154): error TS7026: JSX element implicitly has type 'any' because no interface 'JSX.IntrinsicElements' exists.
components/ConnectionsManager.tsx(75,45): error TS7026: JSX element implicitly has type 'any' because no interface 'JSX.IntrinsicElements' exists.
components/ConnectionsManager.tsx(75,102): error TS7026: JSX element implicitly has type 'any' because no interface 'JSX.IntrinsicElements' exists.
components/ConnectionsManager.tsx(77,37): error TS7026: JSX element implicitly has type 'any' because no interface 'JSX.IntrinsicElements' exists.
components/ConnectionsManager.tsx(78,33): error TS7026: JSX element implicitly has type 'any' because no interface 'JSX.IntrinsicElements' exists.
components/ConnectionsManager.tsx(80,38): error TS7026: JSX element implicitly has type 'any' because no interface 'JSX.IntrinsicElements' exists.
components/ConnectionsManager.tsx(85,37): error TS7026: JSX element implicitly has type 'any' because no interface 'JSX.IntrinsicElements' exists.
components/ConnectionsManager.tsx(87,37): error TS7026: JSX element implicitly has type 'any' because no interface 'JSX.IntrinsicElements' exists.
components/ConnectionsManager.tsx(93,37): error TS7026: JSX element implicitly has type 'any' because no interface 'JSX.IntrinsicElements' exists.
components/ConnectionsManager.tsx(95,29): error TS7026: JSX element implicitly has type 'any' because no interface 'JSX.IntrinsicElements' exists.
components/ConnectionsManager.tsx(98,17): error TS7026: JSX element implicitly has type 'any' because no interface 'JSX.IntrinsicElements' exists.
components/ConnectionsManager.tsx(99,13): error TS7026: JSX element implicitly has type 'any' because no interface 'JSX.IntrinsicElements' exists.
components/ConnectionsManager.tsx(100,9): error TS7026: JSX element implicitly has type 'any' because no interface 'JSX.IntrinsicElements' exists.
components/CreativeArchive.tsx(2,52): error TS7016: Could not find a declaration file for module 'react'. 'C:/V3/VEE/VEE-THREE/node_modules/react/index.js' implicitly has an 'any' type.
  Try `npm i --save-dev @types/react` if it exists or add a new declaration (.d.ts) file containing `declare module 'react';`
components/CreativeArchive.tsx(6,56): error TS7031: Binding element 'className' implicitly has an 'any' type.
components/CreativeArchive.tsx(7,5): error TS7026: JSX element implicitly has type 'any' because no interface 'JSX.IntrinsicElements' exists.
components/CreativeArchive.tsx(7,5): error TS7016: Could not find a declaration file for module 'react/jsx-runtime'. 'C:/V3/VEE/VEE-THREE/node_modules/react/jsx-runtime.js' implicitly has an 'any' type.
  Try `npm i --save-dev @types/react` if it exists or add a new declaration (.d.ts) file containing `declare module 'react/jsx-runtime';`
components/CreativeArchive.tsx(8,9): error TS7026: JSX element implicitly has type 'any' because no interface 'JSX.IntrinsicElements' exists.
components/CreativeArchive.tsx(9,5): error TS7026: JSX element implicitly has type 'any' because no interface 'JSX.IntrinsicElements' exists.
components/CreativeArchive.tsx(11,57): error TS7031: Binding element 'className' implicitly has an 'any' type.
components/CreativeArchive.tsx(12,5): error TS7026: JSX element implicitly has type 'any' because no interface 'JSX.IntrinsicElements' exists.
components/CreativeArchive.tsx(13,9): error TS7026: JSX element implicitly has type 'any' because no interface 'JSX.IntrinsicElements' exists.
components/CreativeArchive.tsx(14,9): error TS7026: JSX element implicitly has type 'any' because no interface 'JSX.IntrinsicElements' exists.
components/CreativeArchive.tsx(15,5): error TS7026: JSX element implicitly has type 'any' because no interface 'JSX.IntrinsicElements' exists.
components/CreativeArchive.tsx(17,57): error TS7031: Binding element 'className' implicitly has an 'any' type.
components/CreativeArchive.tsx(18,5): error TS7026: JSX element implicitly has type 'any' because no interface 'JSX.IntrinsicElements' exists.
components/CreativeArchive.tsx(19,9): error TS7026: JSX element implicitly has type 'any' because no interface 'JSX.IntrinsicElements' exists.
components/CreativeArchive.tsx(20,5): error TS7026: JSX element implicitly has type 'any' because no interface 'JSX.IntrinsicElements' exists.
components/CreativeArchive.tsx(22,55): error TS7031: Binding element 'className' implicitly has an 'any' type.
components/CreativeArchive.tsx(23,5): error TS7026: JSX element implicitly has type 'any' because no interface 'JSX.IntrinsicElements' exists.
components/CreativeArchive.tsx(24,9): error TS7026: JSX element implicitly has type 'any' because no interface 'JSX.IntrinsicElements' exists.
components/CreativeArchive.tsx(25,5): error TS7026: JSX element implicitly has type 'any' because no interface 'JSX.IntrinsicElements' exists.
components/CreativeArchive.tsx(27,56): error TS7031: Binding element 'className' implicitly has an 'any' type.
components/CreativeArchive.tsx(28,5): error TS7026: JSX element implicitly has type 'any' because no interface 'JSX.IntrinsicElements' exists.
components/CreativeArchive.tsx(29,9): error TS7026: JSX element implicitly has type 'any' because no interface 'JSX.IntrinsicElements' exists.
components/CreativeArchive.tsx(30,5): error TS7026: JSX element implicitly has type 'any' because no interface 'JSX.IntrinsicElements' exists.
components/CreativeArchive.tsx(32,55): error TS7031: Binding element 'className' implicitly has an 'any' type.
components/CreativeArchive.tsx(33,5): error TS7026: JSX element implicitly has type 'any' because no interface 'JSX.IntrinsicElements' exists.
components/CreativeArchive.tsx(34,9): error TS7026: JSX element implicitly has type 'any' because no interface 'JSX.IntrinsicElements' exists.
components/CreativeArchive.tsx(35,9): error TS7026: JSX element implicitly has type 'any' because no interface 'JSX.IntrinsicElements' exists.
components/CreativeArchive.tsx(36,5): error TS7026: JSX element implicitly has type 'any' because no interface 'JSX.IntrinsicElements' exists.
components/CreativeArchive.tsx(38,56): error TS7031: Binding element 'className' implicitly has an 'any' type.
components/CreativeArchive.tsx(39,5): error TS7026: JSX element implicitly has type 'any' because no interface 'JSX.IntrinsicElements' exists.
components/CreativeArchive.tsx(40,9): error TS7026: JSX element implicitly has type 'any' because no interface 'JSX.IntrinsicElements' exists.
components/CreativeArchive.tsx(41,5): error TS7026: JSX element implicitly has type 'any' because no interface 'JSX.IntrinsicElements' exists.
components/CreativeArchive.tsx(43,59): error TS7031: Binding element 'className' implicitly has an 'any' type.
components/CreativeArchive.tsx(44,5): error TS7026: JSX element implicitly has type 'any' because no interface 'JSX.IntrinsicElements' exists.
components/CreativeArchive.tsx(45,9): error TS7026: JSX element implicitly has type 'any' because no interface 'JSX.IntrinsicElements' exists.
components/CreativeArchive.tsx(46,9): error TS7026: JSX element implicitly has type 'any' because no interface 'JSX.IntrinsicElements' exists.
components/CreativeArchive.tsx(47,5): error TS7026: JSX element implicitly has type 'any' because no interface 'JSX.IntrinsicElements' exists.
components/CreativeArchive.tsx(49,55): error TS7031: Binding element 'className' implicitly has an 'any' type.
components/CreativeArchive.tsx(50,5): error TS7026: JSX element implicitly has type 'any' because no interface 'JSX.IntrinsicElements' exists.
components/CreativeArchive.tsx(51,9): error TS7026: JSX element implicitly has type 'any' because no interface 'JSX.IntrinsicElements' exists.
components/CreativeArchive.tsx(52,9): error TS7026: JSX element implicitly has type 'any' because no interface 'JSX.IntrinsicElements' exists.
components/CreativeArchive.tsx(53,5): error TS7026: JSX element implicitly has type 'any' because no interface 'JSX.IntrinsicElements' exists.
components/CreativeArchive.tsx(67,60): error TS7031: Binding element 'isOpen' implicitly has an 'any' type.
components/CreativeArchive.tsx(67,68): error TS7031: Binding element 'onClose' implicitly has an 'any' type.
components/CreativeArchive.tsx(67,77): error TS7031: Binding element 'files' implicitly has an 'any' type.
components/CreativeArchive.tsx(67,84): error TS7031: Binding element 'onUpload' implicitly has an 'any' type.
components/CreativeArchive.tsx(67,94): error TS7031: Binding element 'onDelete' implicitly has an 'any' type.
components/CreativeArchive.tsx(67,104): error TS7031: Binding element 'onRename' implicitly has an 'any' type.
components/CreativeArchive.tsx(67,114): error TS7031: Binding element 'activeWorkspace' implicitly has an 'any' type.
components/CreativeArchive.tsx(117,40): error TS7006: Parameter 'file' implicitly has an 'any' type.
components/CreativeArchive.tsx(131,9): error TS7026: JSX element implicitly has type 'any' because no interface 'JSX.IntrinsicElements' exists.
components/CreativeArchive.tsx(132,13): error TS7026: JSX element implicitly has type 'any' because no interface 'JSX.IntrinsicElements' exists.
components/CreativeArchive.tsx(132,139): error TS7006: Parameter 'e' implicitly has an 'any' type.
components/CreativeArchive.tsx(133,17): error TS7026: JSX element implicitly has type 'any' because no interface 'JSX.IntrinsicElements' exists.
components/CreativeArchive.tsx(134,21): error TS7026: JSX element implicitly has type 'any' because no interface 'JSX.IntrinsicElements' exists.
components/CreativeArchive.tsx(135,25): error TS7026: JSX element implicitly has type 'any' because no interface 'JSX.IntrinsicElements' exists.
components/CreativeArchive.tsx(135,89): error TS7026: JSX element implicitly has type 'any' because no interface 'JSX.IntrinsicElements' exists.
components/CreativeArchive.tsx(136,25): error TS7026: JSX element implicitly has type 'any' because no interface 'JSX.IntrinsicElements' exists.
components/CreativeArchive.tsx(137,29): error TS7026: JSX element implicitly has type 'any' because no interface 'JSX.IntrinsicElements' exists.
components/CreativeArchive.tsx(137,97): error TS7026: JSX element implicitly has type 'any' because no interface 'JSX.IntrinsicElements' exists.
components/CreativeArchive.tsx(138,29): error TS7026: JSX element implicitly has type 'any' because no interface 'JSX.IntrinsicElements' exists.
components/CreativeArchive.tsx(138,153): error TS7026: JSX element implicitly has type 'any' because no interface 'JSX.IntrinsicElements' exists.
components/CreativeArchive.tsx(139,25): error TS7026: JSX element implicitly has type 'any' because no interface 'JSX.IntrinsicElements' exists.
components/CreativeArchive.tsx(140,21): error TS7026: JSX element implicitly has type 'any' because no interface 'JSX.IntrinsicElements' exists.
components/CreativeArchive.tsx(141,21): error TS7026: JSX element implicitly has type 'any' because no interface 'JSX.IntrinsicElements' exists.
components/CreativeArchive.tsx(143,21): error TS7026: JSX element implicitly has type 'any' because no interface 'JSX.IntrinsicElements' exists.
components/CreativeArchive.tsx(144,17): error TS7026: JSX element implicitly has type 'any' because no interface 'JSX.IntrinsicElements' exists.
components/CreativeArchive.tsx(146,17): error TS7026: JSX element implicitly has type 'any' because no interface 'JSX.IntrinsicElements' exists.
components/CreativeArchive.tsx(147,21): error TS7026: JSX element implicitly has type 'any' because no interface 'JSX.IntrinsicElements' exists.
components/CreativeArchive.tsx(148,25): error TS7026: JSX element implicitly has type 'any' because no interface 'JSX.IntrinsicElements' exists.
components/CreativeArchive.tsx(150,25): error TS7026: JSX element implicitly has type 'any' because no interface 'JSX.IntrinsicElements' exists.
components/CreativeArchive.tsx(151,25): error TS7026: JSX element implicitly has type 'any' because no interface 'JSX.IntrinsicElements' exists.
components/CreativeArchive.tsx(154,40): error TS7006: Parameter 'e' implicitly has an 'any' type.
components/CreativeArchive.tsx(158,21): error TS7026: JSX element implicitly has type 'any' because no interface 'JSX.IntrinsicElements' exists.
components/CreativeArchive.tsx(159,17): error TS7026: JSX element implicitly has type 'any' because no interface 'JSX.IntrinsicElements' exists.
components/CreativeArchive.tsx(161,17): error TS7026: JSX element implicitly has type 'any' because no interface 'JSX.IntrinsicElements' exists.
components/CreativeArchive.tsx(163,25): error TS7026: JSX element implicitly has type 'any' because no interface 'JSX.IntrinsicElements' exists.
components/CreativeArchive.tsx(164,49): error TS7006: Parameter 'file' implicitly has an 'any' type.
components/CreativeArchive.tsx(165,33): error TS7026: JSX element implicitly has type 'any' because no interface 'JSX.IntrinsicElements' exists.
components/CreativeArchive.tsx(166,37): error TS7026: JSX element implicitly has type 'any' because no interface 'JSX.IntrinsicElements' exists.
components/CreativeArchive.tsx(169,45): error TS7026: JSX element implicitly has type 'any' because no interface 'JSX.IntrinsicElements' exists.
components/CreativeArchive.tsx(170,49): error TS7026: JSX element implicitly has type 'any' because no interface 'JSX.IntrinsicElements' exists.
components/CreativeArchive.tsx(175,45): error TS7026: JSX element implicitly has type 'any' because no interface 'JSX.IntrinsicElements' exists.
components/CreativeArchive.tsx(181,45): error TS7026: JSX element implicitly has type 'any' because no interface 'JSX.IntrinsicElements' exists.
components/CreativeArchive.tsx(186,60): error TS7006: Parameter 'e' implicitly has an 'any' type.
components/CreativeArchive.tsx(188,61): error TS7006: Parameter 'e' implicitly has an 'any' type.
components/CreativeArchive.tsx(192,45): error TS7026: JSX element implicitly has type 'any' because no interface 'JSX.IntrinsicElements' exists.
components/CreativeArchive.tsx(193,49): error TS7026: JSX element implicitly has type 'any' because no interface 'JSX.IntrinsicElements' exists.
components/CreativeArchive.tsx(193,121): error TS7026: JSX element implicitly has type 'any' because no interface 'JSX.IntrinsicElements' exists.
components/CreativeArchive.tsx(194,49): error TS7026: JSX element implicitly has type 'any' because no interface 'JSX.IntrinsicElements' exists.
components/CreativeArchive.tsx(195,53): error TS7026: JSX element implicitly has type 'any' because no interface 'JSX.IntrinsicElements' exists.
components/CreativeArchive.tsx(197,53): error TS7026: JSX element implicitly has type 'any' because no interface 'JSX.IntrinsicElements' exists.
components/CreativeArchive.tsx(198,53): error TS7026: JSX element implicitly has type 'any' because no interface 'JSX.IntrinsicElements' exists.
components/CreativeArchive.tsx(200,53): error TS7026: JSX element implicitly has type 'any' because no interface 'JSX.IntrinsicElements' exists.
components/CreativeArchive.tsx(201,49): error TS7026: JSX element implicitly has type 'any' because no interface 'JSX.IntrinsicElements' exists.
components/CreativeArchive.tsx(203,45): error TS7026: JSX element implicitly has type 'any' because no interface 'JSX.IntrinsicElements' exists.
components/CreativeArchive.tsx(205,37): error TS7026: JSX element implicitly has type 'any' because no interface 'JSX.IntrinsicElements' exists.
components/CreativeArchive.tsx(206,37): error TS7026: JSX element implicitly has type 'any' because no interface 'JSX.IntrinsicElements' exists.
components/CreativeArchive.tsx(209,49): error TS7026: JSX element implicitly has type 'any' because no interface 'JSX.IntrinsicElements' exists.
components/CreativeArchive.tsx(209,233): error TS7026: JSX element implicitly has type 'any' because no interface 'JSX.IntrinsicElements' exists.
components/CreativeArchive.tsx(210,49): error TS7026: JSX element implicitly has type 'any' because no interface 'JSX.IntrinsicElements' exists.
components/CreativeArchive.tsx(210,223): error TS7026: JSX element implicitly has type 'any' because no interface 'JSX.IntrinsicElements' exists.
components/CreativeArchive.tsx(216,53): error TS7026: JSX element implicitly has type 'any' because no interface 'JSX.IntrinsicElements' exists.
components/CreativeArchive.tsx(222,53): error TS7026: JSX element implicitly has type 'any' because no interface 'JSX.IntrinsicElements' exists.
components/CreativeArchive.tsx(226,49): error TS7026: JSX element implicitly has type 'any' because no interface 'JSX.IntrinsicElements' exists.
components/CreativeArchive.tsx(232,49): error TS7026: JSX element implicitly has type 'any' because no interface 'JSX.IntrinsicElements' exists.
components/CreativeArchive.tsx(234,49): error TS7026: JSX element implicitly has type 'any' because no interface 'JSX.IntrinsicElements' exists.
components/CreativeArchive.tsx(240,49): error TS7026: JSX element implicitly has type 'any' because no interface 'JSX.IntrinsicElements' exists.
components/CreativeArchive.tsx(241,49): error TS7026: JSX element implicitly has type 'any' because no interface 'JSX.IntrinsicElements' exists.
components/CreativeArchive.tsx(247,49): error TS7026: JSX element implicitly has type 'any' because no interface 'JSX.IntrinsicElements' exists.
components/CreativeArchive.tsx(250,37): error TS7026: JSX element implicitly has type 'any' because no interface 'JSX.IntrinsicElements' exists.
components/CreativeArchive.tsx(251,33): error TS7026: JSX element implicitly has type 'any' because no interface 'JSX.IntrinsicElements' exists.
components/CreativeArchive.tsx(253,25): error TS7026: JSX element implicitly has type 'any' because no interface 'JSX.IntrinsicElements' exists.
components/CreativeArchive.tsx(255,25): error TS7026: JSX element implicitly has type 'any' because no interface 'JSX.IntrinsicElements' exists.
components/CreativeArchive.tsx(256,29): error TS7026: JSX element implicitly has type 'any' because no interface 'JSX.IntrinsicElements' exists.
components/CreativeArchive.tsx(256,78): error TS7026: JSX element implicitly has type 'any' because no interface 'JSX.IntrinsicElements' exists.
components/CreativeArchive.tsx(256,138): error TS7026: JSX element implicitly has type 'any' because no interface 'JSX.IntrinsicElements' exists.
components/CreativeArchive.tsx(256,145): error TS7026: JSX element implicitly has type 'any' because no interface 'JSX.IntrinsicElements' exists.
components/CreativeArchive.tsx(257,25): error TS7026: JSX element implicitly has type 'any' because no interface 'JSX.IntrinsicElements' exists.
components/CreativeArchive.tsx(259,17): error TS7026: JSX element implicitly has type 'any' because no interface 'JSX.IntrinsicElements' exists.
components/CreativeArchive.tsx(261,17): error TS7026: JSX element implicitly has type 'any' because no interface 'JSX.IntrinsicElements' exists.
components/CreativeArchive.tsx(262,21): error TS7026: JSX element implicitly has type 'any' because no interface 'JSX.IntrinsicElements' exists.
components/CreativeArchive.tsx(270,21): error TS7026: JSX element implicitly has type 'any' because no interface 'JSX.IntrinsicElements' exists.
components/CreativeArchive.tsx(275,21): error TS7026: JSX element implicitly has type 'any' because no interface 'JSX.IntrinsicElements' exists.
components/CreativeArchive.tsx(276,17): error TS7026: JSX element implicitly has type 'any' because no interface 'JSX.IntrinsicElements' exists.
components/CreativeArchive.tsx(277,13): error TS7026: JSX element implicitly has type 'any' because no interface 'JSX.IntrinsicElements' exists.
components/CreativeArchive.tsx(278,9): error TS7026: JSX element implicitly has type 'any' because no interface 'JSX.IntrinsicElements' exists.
components/EbayDashboard.tsx(2,44): error TS7016: Could not find a declaration file for module 'react'. 'C:/V3/VEE/VEE-THREE/node_modules/react/index.js' implicitly has an 'any' type.
  Try `npm i --save-dev @types/react` if it exists or add a new declaration (.d.ts) file containing `declare module 'react';`
components/EbayDashboard.tsx(8,56): error TS7031: Binding element 'className' implicitly has an 'any' type.
components/EbayDashboard.tsx(9,5): error TS7026: JSX element implicitly has type 'any' because no interface 'JSX.IntrinsicElements' exists.
components/EbayDashboard.tsx(9,5): error TS7016: Could not find a declaration file for module 'react/jsx-runtime'. 'C:/V3/VEE/VEE-THREE/node_modules/react/jsx-runtime.js' implicitly has an 'any' type.
  Try `npm i --save-dev @types/react` if it exists or add a new declaration (.d.ts) file containing `declare module 'react/jsx-runtime';`
components/EbayDashboard.tsx(9,107): error TS7026: JSX element implicitly has type 'any' because no interface 'JSX.IntrinsicElements' exists.
components/EbayDashboard.tsx(9,347): error TS7026: JSX element implicitly has type 'any' because no interface 'JSX.IntrinsicElements' exists.
components/EbayDashboard.tsx(11,58): error TS7031: Binding element 'className' implicitly has an 'any' type.
components/EbayDashboard.tsx(12,5): error TS7026: JSX element implicitly has type 'any' because no interface 'JSX.IntrinsicElements' exists.
components/EbayDashboard.tsx(12,107): error TS7026: JSX element implicitly has type 'any' because no interface 'JSX.IntrinsicElements' exists.
components/EbayDashboard.tsx(12,534): error TS7026: JSX element implicitly has type 'any' because no interface 'JSX.IntrinsicElements' exists.
components/EbayDashboard.tsx(20,56): error TS7031: Binding element 'isOpen' implicitly has an 'any' type.
components/EbayDashboard.tsx(20,64): error TS7031: Binding element 'onClose' implicitly has an 'any' type.
components/EbayDashboard.tsx(87,13): error TS7026: JSX element implicitly has type 'any' because no interface 'JSX.IntrinsicElements' exists.
components/EbayDashboard.tsx(88,17): error TS7026: JSX element implicitly has type 'any' because no interface 'JSX.IntrinsicElements' exists.
components/EbayDashboard.tsx(88,114): error TS7006: Parameter 'e' implicitly has an 'any' type.
components/EbayDashboard.tsx(89,21): error TS7026: JSX element implicitly has type 'any' because no interface 'JSX.IntrinsicElements' exists.
components/EbayDashboard.tsx(89,98): error TS7026: JSX element implicitly has type 'any' because no interface 'JSX.IntrinsicElements' exists.
components/EbayDashboard.tsx(90,21): error TS7026: JSX element implicitly has type 'any' because no interface 'JSX.IntrinsicElements' exists.
components/EbayDashboard.tsx(90,128): error TS7026: JSX element implicitly has type 'any' because no interface 'JSX.IntrinsicElements' exists.
components/EbayDashboard.tsx(91,21): error TS7026: JSX element implicitly has type 'any' because no interface 'JSX.IntrinsicElements' exists.
components/EbayDashboard.tsx(91,103): error TS7026: JSX element implicitly has type 'any' because no interface 'JSX.IntrinsicElements' exists.
components/EbayDashboard.tsx(92,21): error TS7026: JSX element implicitly has type 'any' because no interface 'JSX.IntrinsicElements' exists.
components/EbayDashboard.tsx(92,130): error TS7026: JSX element implicitly has type 'any' because no interface 'JSX.IntrinsicElements' exists.
components/EbayDashboard.tsx(93,17): error TS7026: JSX element implicitly has type 'any' because no interface 'JSX.IntrinsicElements' exists.
components/EbayDashboard.tsx(94,13): error TS7026: JSX element implicitly has type 'any' because no interface 'JSX.IntrinsicElements' exists.
components/EbayDashboard.tsx(99,9): error TS7026: JSX element implicitly has type 'any' because no interface 'JSX.IntrinsicElements' exists.
components/EbayDashboard.tsx(100,13): error TS7026: JSX element implicitly has type 'any' because no interface 'JSX.IntrinsicElements' exists.
components/EbayDashboard.tsx(100,139): error TS7006: Parameter 'e' implicitly has an 'any' type.
components/EbayDashboard.tsx(103,17): error TS7026: JSX element implicitly has type 'any' because no interface 'JSX.IntrinsicElements' exists.
components/EbayDashboard.tsx(104,21): error TS7026: JSX element implicitly has type 'any' because no interface 'JSX.IntrinsicElements' exists.
components/EbayDashboard.tsx(105,25): error TS7026: JSX element implicitly has type 'any' because no interface 'JSX.IntrinsicElements' exists.
components/EbayDashboard.tsx(105,95): error TS7026: JSX element implicitly has type 'any' because no interface 'JSX.IntrinsicElements' exists.
components/EbayDashboard.tsx(106,25): error TS7026: JSX element implicitly has type 'any' because no interface 'JSX.IntrinsicElements' exists.
components/EbayDashboard.tsx(108,25): error TS7026: JSX element implicitly has type 'any' because no interface 'JSX.IntrinsicElements' exists.
components/EbayDashboard.tsx(109,21): error TS7026: JSX element implicitly has type 'any' because no interface 'JSX.IntrinsicElements' exists.
components/EbayDashboard.tsx(110,21): error TS7026: JSX element implicitly has type 'any' because no interface 'JSX.IntrinsicElements' exists.
components/EbayDashboard.tsx(111,25): error TS7026: JSX element implicitly has type 'any' because no interface 'JSX.IntrinsicElements' exists.
components/EbayDashboard.tsx(116,25): error TS7026: JSX element implicitly has type 'any' because no interface 'JSX.IntrinsicElements' exists.
components/EbayDashboard.tsx(117,25): error TS7026: JSX element implicitly has type 'any' because no interface 'JSX.IntrinsicElements' exists.
components/EbayDashboard.tsx(119,25): error TS7026: JSX element implicitly has type 'any' because no interface 'JSX.IntrinsicElements' exists.
components/EbayDashboard.tsx(120,21): error TS7026: JSX element implicitly has type 'any' because no interface 'JSX.IntrinsicElements' exists.
components/EbayDashboard.tsx(121,17): error TS7026: JSX element implicitly has type 'any' because no interface 'JSX.IntrinsicElements' exists.
components/EbayDashboard.tsx(124,17): error TS7026: JSX element implicitly has type 'any' because no interface 'JSX.IntrinsicElements' exists.
components/EbayDashboard.tsx(125,21): error TS7026: JSX element implicitly has type 'any' because no interface 'JSX.IntrinsicElements' exists.
components/EbayDashboard.tsx(130,21): error TS7026: JSX element implicitly has type 'any' because no interface 'JSX.IntrinsicElements' exists.
components/EbayDashboard.tsx(131,21): error TS7026: JSX element implicitly has type 'any' because no interface 'JSX.IntrinsicElements' exists.
components/EbayDashboard.tsx(136,21): error TS7026: JSX element implicitly has type 'any' because no interface 'JSX.IntrinsicElements' exists.
components/EbayDashboard.tsx(137,17): error TS7026: JSX element implicitly has type 'any' because no interface 'JSX.IntrinsicElements' exists.
components/EbayDashboard.tsx(140,17): error TS7026: JSX element implicitly has type 'any' because no interface 'JSX.IntrinsicElements' exists.
components/EbayDashboard.tsx(142,25): error TS7026: JSX element implicitly has type 'any' because no interface 'JSX.IntrinsicElements' exists.
components/EbayDashboard.tsx(143,29): error TS7026: JSX element implicitly has type 'any' because no interface 'JSX.IntrinsicElements' exists.
components/EbayDashboard.tsx(144,33): error TS7026: JSX element implicitly has type 'any' because no interface 'JSX.IntrinsicElements' exists.
components/EbayDashboard.tsx(145,37): error TS7026: JSX element implicitly has type 'any' because no interface 'JSX.IntrinsicElements' exists.
components/EbayDashboard.tsx(146,41): error TS7026: JSX element implicitly has type 'any' because no interface 'JSX.IntrinsicElements' exists.
components/EbayDashboard.tsx(146,70): error TS7026: JSX element implicitly has type 'any' because no interface 'JSX.IntrinsicElements' exists.
components/EbayDashboard.tsx(147,41): error TS7026: JSX element implicitly has type 'any' because no interface 'JSX.IntrinsicElements' exists.
components/EbayDashboard.tsx(147,72): error TS7026: JSX element implicitly has type 'any' because no interface 'JSX.IntrinsicElements' exists.
components/EbayDashboard.tsx(148,41): error TS7026: JSX element implicitly has type 'any' because no interface 'JSX.IntrinsicElements' exists.
components/EbayDashboard.tsx(148,72): error TS7026: JSX element implicitly has type 'any' because no interface 'JSX.IntrinsicElements' exists.
components/EbayDashboard.tsx(149,41): error TS7026: JSX element implicitly has type 'any' because no interface 'JSX.IntrinsicElements' exists.
components/EbayDashboard.tsx(149,70): error TS7026: JSX element implicitly has type 'any' because no interface 'JSX.IntrinsicElements' exists.
components/EbayDashboard.tsx(150,41): error TS7026: JSX element implicitly has type 'any' because no interface 'JSX.IntrinsicElements' exists.
components/EbayDashboard.tsx(150,75): error TS7026: JSX element implicitly has type 'any' because no interface 'JSX.IntrinsicElements' exists.
components/EbayDashboard.tsx(151,41): error TS7026: JSX element implicitly has type 'any' because no interface 'JSX.IntrinsicElements' exists.
components/EbayDashboard.tsx(151,74): error TS7026: JSX element implicitly has type 'any' because no interface 'JSX.IntrinsicElements' exists.
components/EbayDashboard.tsx(152,41): error TS7026: JSX element implicitly has type 'any' because no interface 'JSX.IntrinsicElements' exists.
components/EbayDashboard.tsx(152,74): error TS7026: JSX element implicitly has type 'any' because no interface 'JSX.IntrinsicElements' exists.
components/EbayDashboard.tsx(153,37): error TS7026: JSX element implicitly has type 'any' because no interface 'JSX.IntrinsicElements' exists.
components/EbayDashboard.tsx(154,33): error TS7026: JSX element implicitly has type 'any' because no interface 'JSX.IntrinsicElements' exists.
components/EbayDashboard.tsx(155,33): error TS7026: JSX element implicitly has type 'any' because no interface 'JSX.IntrinsicElements' exists.
components/EbayDashboard.tsx(156,52): error TS7006: Parameter 'item' implicitly has an 'any' type.
components/EbayDashboard.tsx(157,41): error TS7026: JSX element implicitly has type 'any' because no interface 'JSX.IntrinsicElements' exists.
components/EbayDashboard.tsx(158,45): error TS7026: JSX element implicitly has type 'any' because no interface 'JSX.IntrinsicElements' exists.
components/EbayDashboard.tsx(158,99): error TS7026: JSX element implicitly has type 'any' because no interface 'JSX.IntrinsicElements' exists.
components/EbayDashboard.tsx(159,45): error TS7026: JSX element implicitly has type 'any' because no interface 'JSX.IntrinsicElements' exists.
components/EbayDashboard.tsx(159,120): error TS7026: JSX element implicitly has type 'any' because no interface 'JSX.IntrinsicElements' exists.
components/EbayDashboard.tsx(160,45): error TS7026: JSX element implicitly has type 'any' because no interface 'JSX.IntrinsicElements' exists.
components/EbayDashboard.tsx(160,125): error TS7026: JSX element implicitly has type 'any' because no interface 'JSX.IntrinsicElements' exists.
components/EbayDashboard.tsx(161,45): error TS7026: JSX element implicitly has type 'any' because no interface 'JSX.IntrinsicElements' exists.
components/EbayDashboard.tsx(161,86): error TS7026: JSX element implicitly has type 'any' because no interface 'JSX.IntrinsicElements' exists.
components/EbayDashboard.tsx(162,45): error TS7026: JSX element implicitly has type 'any' because no interface 'JSX.IntrinsicElements' exists.
components/EbayDashboard.tsx(164,53): error TS7026: JSX element implicitly has type 'any' because no interface 'JSX.IntrinsicElements' exists.
components/EbayDashboard.tsx(166,53): error TS7026: JSX element implicitly has type 'any' because no interface 'JSX.IntrinsicElements' exists.
components/EbayDashboard.tsx(167,53): error TS7026: JSX element implicitly has type 'any' because no interface 'JSX.IntrinsicElements' exists.
components/EbayDashboard.tsx(167,86): error TS7026: JSX element implicitly has type 'any' because no interface 'JSX.IntrinsicElements' exists.
components/EbayDashboard.tsx(168,45): error TS7026: JSX element implicitly has type 'any' because no interface 'JSX.IntrinsicElements' exists.
components/EbayDashboard.tsx(169,45): error TS7026: JSX element implicitly has type 'any' because no interface 'JSX.IntrinsicElements' exists.
components/EbayDashboard.tsx(171,45): error TS7026: JSX element implicitly has type 'any' because no interface 'JSX.IntrinsicElements' exists.
components/EbayDashboard.tsx(172,45): error TS7026: JSX element implicitly has type 'any' because no interface 'JSX.IntrinsicElements' exists.
components/EbayDashboard.tsx(173,49): error TS7026: JSX element implicitly has type 'any' because no interface 'JSX.IntrinsicElements' exists.
components/EbayDashboard.tsx(178,49): error TS7026: JSX element implicitly has type 'any' because no interface 'JSX.IntrinsicElements' exists.
components/EbayDashboard.tsx(179,45): error TS7026: JSX element implicitly has type 'any' because no interface 'JSX.IntrinsicElements' exists.
components/EbayDashboard.tsx(180,41): error TS7026: JSX element implicitly has type 'any' because no interface 'JSX.IntrinsicElements' exists.
components/EbayDashboard.tsx(182,33): error TS7026: JSX element implicitly has type 'any' because no interface 'JSX.IntrinsicElements' exists.
components/EbayDashboard.tsx(183,29): error TS7026: JSX element implicitly has type 'any' because no interface 'JSX.IntrinsicElements' exists.
components/EbayDashboard.tsx(184,25): error TS7026: JSX element implicitly has type 'any' because no interface 'JSX.IntrinsicElements' exists.
components/EbayDashboard.tsx(188,25): error TS7026: JSX element implicitly has type 'any' because no interface 'JSX.IntrinsicElements' exists.
components/EbayDashboard.tsx(189,41): error TS7006: Parameter 'order' implicitly has an 'any' type.
components/EbayDashboard.tsx(190,33): error TS7026: JSX element implicitly has type 'any' because no interface 'JSX.IntrinsicElements' exists.
components/EbayDashboard.tsx(191,37): error TS7026: JSX element implicitly has type 'any' because no interface 'JSX.IntrinsicElements' exists.
components/EbayDashboard.tsx(192,41): error TS7026: JSX element implicitly has type 'any' because no interface 'JSX.IntrinsicElements' exists.
components/EbayDashboard.tsx(193,45): error TS7026: JSX element implicitly has type 'any' because no interface 'JSX.IntrinsicElements' exists.
components/EbayDashboard.tsx(193,110): error TS7026: JSX element implicitly has type 'any' because no interface 'JSX.IntrinsicElements' exists.
components/EbayDashboard.tsx(194,45): error TS7026: JSX element implicitly has type 'any' because no interface 'JSX.IntrinsicElements' exists.
components/EbayDashboard.tsx(196,45): error TS7026: JSX element implicitly has type 'any' because no interface 'JSX.IntrinsicElements' exists.
components/EbayDashboard.tsx(197,41): error TS7026: JSX element implicitly has type 'any' because no interface 'JSX.IntrinsicElements' exists.
components/EbayDashboard.tsx(198,41): error TS7026: JSX element implicitly has type 'any' because no interface 'JSX.IntrinsicElements' exists.
components/EbayDashboard.tsx(199,63): error TS7006: Parameter 'i' implicitly has an 'any' type.
components/EbayDashboard.tsx(199,66): error TS7006: Parameter 'idx' implicitly has an 'any' type.
components/EbayDashboard.tsx(200,49): error TS7026: JSX element implicitly has type 'any' because no interface 'JSX.IntrinsicElements' exists.
components/EbayDashboard.tsx(200,82): error TS7026: JSX element implicitly has type 'any' because no interface 'JSX.IntrinsicElements' exists.
components/EbayDashboard.tsx(202,41): error TS7026: JSX element implicitly has type 'any' because no interface 'JSX.IntrinsicElements' exists.
components/EbayDashboard.tsx(203,37): error TS7026: JSX element implicitly has type 'any' because no interface 'JSX.IntrinsicElements' exists.
components/EbayDashboard.tsx(204,37): error TS7026: JSX element implicitly has type 'any' because no interface 'JSX.IntrinsicElements' exists.
components/EbayDashboard.tsx(205,41): error TS7026: JSX element implicitly has type 'any' because no interface 'JSX.IntrinsicElements' exists.
components/EbayDashboard.tsx(205,112): error TS7026: JSX element implicitly has type 'any' because no interface 'JSX.IntrinsicElements' exists.
components/EbayDashboard.tsx(206,41): error TS7026: JSX element implicitly has type 'any' because no interface 'JSX.IntrinsicElements' exists.
components/EbayDashboard.tsx(206,128): error TS7026: JSX element implicitly has type 'any' because no interface 'JSX.IntrinsicElements' exists.
components/EbayDashboard.tsx(207,37): error TS7026: JSX element implicitly has type 'any' because no interface 'JSX.IntrinsicElements' exists.
components/EbayDashboard.tsx(208,33): error TS7026: JSX element implicitly has type 'any' because no interface 'JSX.IntrinsicElements' exists.
components/EbayDashboard.tsx(210,25): error TS7026: JSX element implicitly has type 'any' because no interface 'JSX.IntrinsicElements' exists.
components/EbayDashboard.tsx(212,17): error TS7026: JSX element implicitly has type 'any' because no interface 'JSX.IntrinsicElements' exists.
components/EbayDashboard.tsx(216,21): error TS7026: JSX element implicitly has type 'any' because no interface 'JSX.IntrinsicElements' exists.
components/EbayDashboard.tsx(217,25): error TS7026: JSX element implicitly has type 'any' because no interface 'JSX.IntrinsicElements' exists.
components/EbayDashboard.tsx(217,127): error TS7006: Parameter 'e' implicitly has an 'any' type.
components/EbayDashboard.tsx(218,29): error TS7026: JSX element implicitly has type 'any' because no interface 'JSX.IntrinsicElements' exists.
components/EbayDashboard.tsx(218,113): error TS7026: JSX element implicitly has type 'any' because no interface 'JSX.IntrinsicElements' exists.
components/EbayDashboard.tsx(219,29): error TS7026: JSX element implicitly has type 'any' because no interface 'JSX.IntrinsicElements' exists.
components/EbayDashboard.tsx(220,33): error TS7026: JSX element implicitly has type 'any' because no interface 'JSX.IntrinsicElements' exists.
components/EbayDashboard.tsx(221,37): error TS7026: JSX element implicitly has type 'any' because no interface 'JSX.IntrinsicElements' exists.
components/EbayDashboard.tsx(221,107): error TS7026: JSX element implicitly has type 'any' because no interface 'JSX.IntrinsicElements' exists.
components/EbayDashboard.tsx(222,37): error TS7026: JSX element implicitly has type 'any' because no interface 'JSX.IntrinsicElements' exists.
components/EbayDashboard.tsx(224,51): error TS7006: Parameter 'e' implicitly has an 'any' type.
components/EbayDashboard.tsx(227,41): error TS7026: JSX element implicitly has type 'any' because no interface 'JSX.IntrinsicElements' exists.
components/EbayDashboard.tsx(227,82): error TS7026: JSX element implicitly has type 'any' because no interface 'JSX.IntrinsicElements' exists.
components/EbayDashboard.tsx(228,41): error TS7026: JSX element implicitly has type 'any' because no interface 'JSX.IntrinsicElements' exists.
components/EbayDashboard.tsx(228,88): error TS7026: JSX element implicitly has type 'any' because no interface 'JSX.IntrinsicElements' exists.
components/EbayDashboard.tsx(229,41): error TS7026: JSX element implicitly has type 'any' because no interface 'JSX.IntrinsicElements' exists.
components/EbayDashboard.tsx(229,96): error TS7026: JSX element implicitly has type 'any' because no interface 'JSX.IntrinsicElements' exists.
components/EbayDashboard.tsx(230,37): error TS7026: JSX element implicitly has type 'any' because no interface 'JSX.IntrinsicElements' exists.
components/EbayDashboard.tsx(231,33): error TS7026: JSX element implicitly has type 'any' because no interface 'JSX.IntrinsicElements' exists.
components/EbayDashboard.tsx(232,33): error TS7026: JSX element implicitly has type 'any' because no interface 'JSX.IntrinsicElements' exists.
components/EbayDashboard.tsx(233,37): error TS7026: JSX element implicitly has type 'any' because no interface 'JSX.IntrinsicElements' exists.
components/EbayDashboard.tsx(234,41): error TS7026: JSX element implicitly has type 'any' because no interface 'JSX.IntrinsicElements' exists.
components/EbayDashboard.tsx(234,116): error TS7026: JSX element implicitly has type 'any' because no interface 'JSX.IntrinsicElements' exists.
components/EbayDashboard.tsx(235,41): error TS7026: JSX element implicitly has type 'any' because no interface 'JSX.IntrinsicElements' exists.
components/EbayDashboard.tsx(238,55): error TS7006: Parameter 'e' implicitly has an 'any' type.
components/EbayDashboard.tsx(241,37): error TS7026: JSX element implicitly has type 'any' because no interface 'JSX.IntrinsicElements' exists.
components/EbayDashboard.tsx(242,37): error TS7026: JSX element implicitly has type 'any' because no interface 'JSX.IntrinsicElements' exists.
components/EbayDashboard.tsx(243,41): error TS7026: JSX element implicitly has type 'any' because no interface 'JSX.IntrinsicElements' exists.
components/EbayDashboard.tsx(243,118): error TS7026: JSX element implicitly has type 'any' because no interface 'JSX.IntrinsicElements' exists.
components/EbayDashboard.tsx(244,41): error TS7026: JSX element implicitly has type 'any' because no interface 'JSX.IntrinsicElements' exists.
components/EbayDashboard.tsx(247,55): error TS7006: Parameter 'e' implicitly has an 'any' type.
components/EbayDashboard.tsx(250,37): error TS7026: JSX element implicitly has type 'any' because no interface 'JSX.IntrinsicElements' exists.
components/EbayDashboard.tsx(251,33): error TS7026: JSX element implicitly has type 'any' because no interface 'JSX.IntrinsicElements' exists.
components/EbayDashboard.tsx(252,29): error TS7026: JSX element implicitly has type 'any' because no interface 'JSX.IntrinsicElements' exists.
components/EbayDashboard.tsx(253,29): error TS7026: JSX element implicitly has type 'any' because no interface 'JSX.IntrinsicElements' exists.
components/EbayDashboard.tsx(254,33): error TS7026: JSX element implicitly has type 'any' because no interface 'JSX.IntrinsicElements' exists.
components/EbayDashboard.tsx(254,165): error TS7026: JSX element implicitly has type 'any' because no interface 'JSX.IntrinsicElements' exists.
components/EbayDashboard.tsx(255,33): error TS7026: JSX element implicitly has type 'any' because no interface 'JSX.IntrinsicElements' exists.
components/EbayDashboard.tsx(255,174): error TS7026: JSX element implicitly has type 'any' because no interface 'JSX.IntrinsicElements' exists.
components/EbayDashboard.tsx(256,29): error TS7026: JSX element implicitly has type 'any' because no interface 'JSX.IntrinsicElements' exists.
components/EbayDashboard.tsx(257,25): error TS7026: JSX element implicitly has type 'any' because no interface 'JSX.IntrinsicElements' exists.
components/EbayDashboard.tsx(258,21): error TS7026: JSX element implicitly has type 'any' because no interface 'JSX.IntrinsicElements' exists.
components/EbayDashboard.tsx(260,13): error TS7026: JSX element implicitly has type 'any' because no interface 'JSX.IntrinsicElements' exists.
components/EbayDashboard.tsx(261,9): error TS7026: JSX element implicitly has type 'any' because no interface 'JSX.IntrinsicElements' exists.
components/Header.tsx(1,19): error TS7016: Could not find a declaration file for module 'react'. 'C:/V3/VEE/VEE-THREE/node_modules/react/index.js' implicitly has an 'any' type.
  Try `npm i --save-dev @types/react` if it exists or add a new declaration (.d.ts) file containing `declare module 'react';`
components/Header.tsx(13,5): error TS7026: JSX element implicitly has type 'any' because no interface 'JSX.IntrinsicElements' exists.
components/Header.tsx(13,5): error TS7016: Could not find a declaration file for module 'react/jsx-runtime'. 'C:/V3/VEE/VEE-THREE/node_modules/react/jsx-runtime.js' implicitly has an 'any' type.
  Try `npm i --save-dev @types/react` if it exists or add a new declaration (.d.ts) file containing `declare module 'react/jsx-runtime';`
components/Header.tsx(14,9): error TS7026: JSX element implicitly has type 'any' because no interface 'JSX.IntrinsicElements' exists.
components/Header.tsx(15,5): error TS7026: JSX element implicitly has type 'any' because no interface 'JSX.IntrinsicElements' exists.
components/Header.tsx(18,5): error TS7026: JSX element implicitly has type 'any' because no interface 'JSX.IntrinsicElements' exists.
components/Header.tsx(19,9): error TS7026: JSX element implicitly has type 'any' because no interface 'JSX.IntrinsicElements' exists.
components/Header.tsx(20,9): error TS7026: JSX element implicitly has type 'any' because no interface 'JSX.IntrinsicElements' exists.
components/Header.tsx(21,5): error TS7026: JSX element implicitly has type 'any' because no interface 'JSX.IntrinsicElements' exists.
components/Header.tsx(24,5): error TS7026: JSX element implicitly has type 'any' because no interface 'JSX.IntrinsicElements' exists.
components/Header.tsx(25,9): error TS7026: JSX element implicitly has type 'any' because no interface 'JSX.IntrinsicElements' exists.
components/Header.tsx(26,5): error TS7026: JSX element implicitly has type 'any' because no interface 'JSX.IntrinsicElements' exists.
components/Header.tsx(28,62): error TS7031: Binding element 'className' implicitly has an 'any' type.
components/Header.tsx(29,5): error TS7026: JSX element implicitly has type 'any' because no interface 'JSX.IntrinsicElements' exists.
components/Header.tsx(30,9): error TS7026: JSX element implicitly has type 'any' because no interface 'JSX.IntrinsicElements' exists.
components/Header.tsx(31,5): error TS7026: JSX element implicitly has type 'any' because no interface 'JSX.IntrinsicElements' exists.
components/Header.tsx(47,42): error TS7031: Binding element 'isAudioEnabled' implicitly has an 'any' type.
components/Header.tsx(47,58): error TS7031: Binding element 'onToggleAudio' implicitly has an 'any' type.
components/Header.tsx(47,73): error TS7031: Binding element 'isScreenSharing' implicitly has an 'any' type.
components/Header.tsx(47,90): error TS7031: Binding element 'activeWorkspace' implicitly has an 'any' type.
components/Header.tsx(47,107): error TS7031: Binding element 'user' implicitly has an 'any' type.
components/Header.tsx(49,9): error TS7026: JSX element implicitly has type 'any' because no interface 'JSX.IntrinsicElements' exists.
components/Header.tsx(50,13): error TS7026: JSX element implicitly has type 'any' because no interface 'JSX.IntrinsicElements' exists.
components/Header.tsx(52,17): error TS7026: JSX element implicitly has type 'any' because no interface 'JSX.IntrinsicElements' exists.
components/Header.tsx(53,21): error TS7026: JSX element implicitly has type 'any' because no interface 'JSX.IntrinsicElements' exists.
components/Header.tsx(53,72): error TS7026: JSX element implicitly has type 'any' because no interface 'JSX.IntrinsicElements' exists.
components/Header.tsx(54,21): error TS7026: JSX element implicitly has type 'any' because no interface 'JSX.IntrinsicElements' exists.
components/Header.tsx(55,25): error TS7026: JSX element implicitly has type 'any' because no interface 'JSX.IntrinsicElements' exists.
components/Header.tsx(57,25): error TS7026: JSX element implicitly has type 'any' because no interface 'JSX.IntrinsicElements' exists.
components/Header.tsx(58,25): error TS7026: JSX element implicitly has type 'any' because no interface 'JSX.IntrinsicElements' exists.
components/Header.tsx(58,104): error TS7026: JSX element implicitly has type 'any' because no interface 'JSX.IntrinsicElements' exists.
components/Header.tsx(59,21): error TS7026: JSX element implicitly has type 'any' because no interface 'JSX.IntrinsicElements' exists.
components/Header.tsx(60,17): error TS7026: JSX element implicitly has type 'any' because no interface 'JSX.IntrinsicElements' exists.
components/Header.tsx(61,13): error TS7026: JSX element implicitly has type 'any' because no interface 'JSX.IntrinsicElements' exists.
components/Header.tsx(63,13): error TS7026: JSX element implicitly has type 'any' because no interface 'JSX.IntrinsicElements' exists.
components/Header.tsx(65,21): error TS7026: JSX element implicitly has type 'any' because no interface 'JSX.IntrinsicElements' exists.
components/Header.tsx(67,25): error TS7026: JSX element implicitly has type 'any' because no interface 'JSX.IntrinsicElements' exists.
components/Header.tsx(67,69): error TS7026: JSX element implicitly has type 'any' because no interface 'JSX.IntrinsicElements' exists.
components/Header.tsx(68,21): error TS7026: JSX element implicitly has type 'any' because no interface 'JSX.IntrinsicElements' exists.
components/Header.tsx(70,17): error TS7026: JSX element implicitly has type 'any' because no interface 'JSX.IntrinsicElements' exists.
components/Header.tsx(77,17): error TS7026: JSX element implicitly has type 'any' because no interface 'JSX.IntrinsicElements' exists.
components/Header.tsx(78,13): error TS7026: JSX element implicitly has type 'any' because no interface 'JSX.IntrinsicElements' exists.
components/Header.tsx(79,9): error TS7026: JSX element implicitly has type 'any' because no interface 'JSX.IntrinsicElements' exists.
components/SettingsPanel.tsx(2,44): error TS7016: Could not find a declaration file for module 'react'. 'C:/V3/VEE/VEE-THREE/node_modules/react/index.js' implicitly has an 'any' type.
  Try `npm i --save-dev @types/react` if it exists or add a new declaration (.d.ts) file containing `declare module 'react';`
components/SettingsPanel.tsx(5,56): error TS7031: Binding element 'className' implicitly has an 'any' type.
components/SettingsPanel.tsx(6,3): error TS7026: JSX element implicitly has type 'any' because no interface 'JSX.IntrinsicElements' exists.
components/SettingsPanel.tsx(6,3): error TS7016: Could not find a declaration file for module 'react/jsx-runtime'. 'C:/V3/VEE/VEE-THREE/node_modules/react/jsx-runtime.js' implicitly has an 'any' type.
  Try `npm i --save-dev @types/react` if it exists or add a new declaration (.d.ts) file containing `declare module 'react/jsx-runtime';`
components/SettingsPanel.tsx(7,5): error TS7026: JSX element implicitly has type 'any' because no interface 'JSX.IntrinsicElements' exists.
components/SettingsPanel.tsx(8,3): error TS7026: JSX element implicitly has type 'any' because no interface 'JSX.IntrinsicElements' exists.
components/SettingsPanel.tsx(16,56): error TS7031: Binding element 'isOpen' implicitly has an 'any' type.
components/SettingsPanel.tsx(16,64): error TS7031: Binding element 'onClose' implicitly has an 'any' type.
components/SettingsPanel.tsx(39,5): error TS7026: JSX element implicitly has type 'any' because no interface 'JSX.IntrinsicElements' exists.
components/SettingsPanel.tsx(40,7): error TS7026: JSX element implicitly has type 'any' because no interface 'JSX.IntrinsicElements' exists.
components/SettingsPanel.tsx(40,123): error TS7006: Parameter 'e' implicitly has an 'any' type.
components/SettingsPanel.tsx(41,9): error TS7026: JSX element implicitly has type 'any' because no interface 'JSX.IntrinsicElements' exists.
components/SettingsPanel.tsx(42,11): error TS7026: JSX element implicitly has type 'any' because no interface 'JSX.IntrinsicElements' exists.
components/SettingsPanel.tsx(42,87): error TS7026: JSX element implicitly has type 'any' because no interface 'JSX.IntrinsicElements' exists.
components/SettingsPanel.tsx(43,11): error TS7026: JSX element implicitly has type 'any' because no interface 'JSX.IntrinsicElements' exists.
components/SettingsPanel.tsx(45,11): error TS7026: JSX element implicitly has type 'any' because no interface 'JSX.IntrinsicElements' exists.
components/SettingsPanel.tsx(46,9): error TS7026: JSX element implicitly has type 'any' because no interface 'JSX.IntrinsicElements' exists.
components/SettingsPanel.tsx(48,9): error TS7026: JSX element implicitly has type 'any' because no interface 'JSX.IntrinsicElements' exists.
components/SettingsPanel.tsx(49,11): error TS7026: JSX element implicitly has type 'any' because no interface 'JSX.IntrinsicElements' exists.
components/SettingsPanel.tsx(50,13): error TS7026: JSX element implicitly has type 'any' because no interface 'JSX.IntrinsicElements' exists.
components/SettingsPanel.tsx(50,87): error TS7026: JSX element implicitly has type 'any' because no interface 'JSX.IntrinsicElements' exists.
components/SettingsPanel.tsx(51,13): error TS7026: JSX element implicitly has type 'any' because no interface 'JSX.IntrinsicElements' exists.
components/SettingsPanel.tsx(52,56): error TS7026: JSX element implicitly has type 'any' because no interface 'JSX.IntrinsicElements' exists.
components/SettingsPanel.tsx(52,66): error TS7026: JSX element implicitly has type 'any' because no interface 'JSX.IntrinsicElements' exists.
components/SettingsPanel.tsx(53,13): error TS7026: JSX element implicitly has type 'any' because no interface 'JSX.IntrinsicElements' exists.
components/SettingsPanel.tsx(54,13): error TS7026: JSX element implicitly has type 'any' because no interface 'JSX.IntrinsicElements' exists.
components/SettingsPanel.tsx(55,15): error TS7026: JSX element implicitly has type 'any' because no interface 'JSX.IntrinsicElements' exists.
components/SettingsPanel.tsx(55,112): error TS7026: JSX element implicitly has type 'any' because no interface 'JSX.IntrinsicElements' exists.
components/SettingsPanel.tsx(56,15): error TS7026: JSX element implicitly has type 'any' because no interface 'JSX.IntrinsicElements' exists.
components/SettingsPanel.tsx(59,28): error TS7006: Parameter 'e' implicitly has an 'any' type.
components/SettingsPanel.tsx(63,13): error TS7026: JSX element implicitly has type 'any' because no interface 'JSX.IntrinsicElements' exists.
components/SettingsPanel.tsx(64,11): error TS7026: JSX element implicitly has type 'any' because no interface 'JSX.IntrinsicElements' exists.
components/SettingsPanel.tsx(66,11): error TS7026: JSX element implicitly has type 'any' because no interface 'JSX.IntrinsicElements' exists.
components/SettingsPanel.tsx(68,11): error TS7026: JSX element implicitly has type 'any' because no interface 'JSX.IntrinsicElements' exists.
components/SettingsPanel.tsx(69,13): error TS7026: JSX element implicitly has type 'any' because no interface 'JSX.IntrinsicElements' exists.
components/SettingsPanel.tsx(69,86): error TS7026: JSX element implicitly has type 'any' because no interface 'JSX.IntrinsicElements' exists.
components/SettingsPanel.tsx(70,13): error TS7026: JSX element implicitly has type 'any' because no interface 'JSX.IntrinsicElements' exists.
components/SettingsPanel.tsx(72,13): error TS7026: JSX element implicitly has type 'any' because no interface 'JSX.IntrinsicElements' exists.
components/SettingsPanel.tsx(73,13): error TS7026: JSX element implicitly has type 'any' because no interface 'JSX.IntrinsicElements' exists.
components/SettingsPanel.tsx(74,15): error TS7026: JSX element implicitly has type 'any' because no interface 'JSX.IntrinsicElements' exists.
components/SettingsPanel.tsx(75,17): error TS7026: JSX element implicitly has type 'any' because no interface 'JSX.IntrinsicElements' exists.
components/SettingsPanel.tsx(75,104): error TS7026: JSX element implicitly has type 'any' because no interface 'JSX.IntrinsicElements' exists.
components/SettingsPanel.tsx(76,17): error TS7026: JSX element implicitly has type 'any' because no interface 'JSX.IntrinsicElements' exists.
components/SettingsPanel.tsx(79,30): error TS7006: Parameter 'e' implicitly has an 'any' type.
components/SettingsPanel.tsx(83,15): error TS7026: JSX element implicitly has type 'any' because no interface 'JSX.IntrinsicElements' exists.
components/SettingsPanel.tsx(84,15): error TS7026: JSX element implicitly has type 'any' because no interface 'JSX.IntrinsicElements' exists.
components/SettingsPanel.tsx(85,17): error TS7026: JSX element implicitly has type 'any' because no interface 'JSX.IntrinsicElements' exists.
components/SettingsPanel.tsx(85,109): error TS7026: JSX element implicitly has type 'any' because no interface 'JSX.IntrinsicElements' exists.
components/SettingsPanel.tsx(86,17): error TS7026: JSX element implicitly has type 'any' because no interface 'JSX.IntrinsicElements' exists.
components/SettingsPanel.tsx(89,30): error TS7006: Parameter 'e' implicitly has an 'any' type.
components/SettingsPanel.tsx(93,15): error TS7026: JSX element implicitly has type 'any' because no interface 'JSX.IntrinsicElements' exists.
components/SettingsPanel.tsx(94,13): error TS7026: JSX element implicitly has type 'any' because no interface 'JSX.IntrinsicElements' exists.
components/SettingsPanel.tsx(95,11): error TS7026: JSX element implicitly has type 'any' because no interface 'JSX.IntrinsicElements' exists.
components/SettingsPanel.tsx(97,11): error TS7026: JSX element implicitly has type 'any' because no interface 'JSX.IntrinsicElements' exists.
components/SettingsPanel.tsx(102,11): error TS7026: JSX element implicitly has type 'any' because no interface 'JSX.IntrinsicElements' exists.
components/SettingsPanel.tsx(103,9): error TS7026: JSX element implicitly has type 'any' because no interface 'JSX.IntrinsicElements' exists.
components/SettingsPanel.tsx(104,7): error TS7026: JSX element implicitly has type 'any' because no interface 'JSX.IntrinsicElements' exists.
components/SettingsPanel.tsx(105,5): error TS7026: JSX element implicitly has type 'any' because no interface 'JSX.IntrinsicElements' exists.
components/Sidebar.tsx(2,19): error TS7016: Could not find a declaration file for module 'react'. 'C:/V3/VEE/VEE-THREE/node_modules/react/index.js' implicitly has an 'any' type.
  Try `npm i --save-dev @types/react` if it exists or add a new declaration (.d.ts) file containing `declare module 'react';`
components/Sidebar.tsx(6,5): error TS7026: JSX element implicitly has type 'any' because no interface 'JSX.IntrinsicElements' exists.
components/Sidebar.tsx(7,9): error TS7026: JSX element implicitly has type 'any' because no interface 'JSX.IntrinsicElements' exists.
components/Sidebar.tsx(8,5): error TS7026: JSX element implicitly has type 'any' because no interface 'JSX.IntrinsicElements' exists.
components/Sidebar.tsx(11,5): error TS7026: JSX element implicitly has type 'any' because no interface 'JSX.IntrinsicElements' exists.
components/Sidebar.tsx(11,5): error TS7016: Could not find a declaration file for module 'react/jsx-runtime'. 'C:/V3/VEE/VEE-THREE/node_modules/react/jsx-runtime.js' implicitly has an 'any' type.
  Try `npm i --save-dev @types/react` if it exists or add a new declaration (.d.ts) file containing `declare module 'react/jsx-runtime';`
components/Sidebar.tsx(12,9): error TS7026: JSX element implicitly has type 'any' because no interface 'JSX.IntrinsicElements' exists.
components/Sidebar.tsx(13,9): error TS7026: JSX element implicitly has type 'any' because no interface 'JSX.IntrinsicElements' exists.
components/Sidebar.tsx(14,5): error TS7026: JSX element implicitly has type 'any' because no interface 'JSX.IntrinsicElements' exists.
components/Sidebar.tsx(17,5): error TS7026: JSX element implicitly has type 'any' because no interface 'JSX.IntrinsicElements' exists.
components/Sidebar.tsx(18,9): error TS7026: JSX element implicitly has type 'any' because no interface 'JSX.IntrinsicElements' exists.
components/Sidebar.tsx(19,5): error TS7026: JSX element implicitly has type 'any' because no interface 'JSX.IntrinsicElements' exists.
components/Sidebar.tsx(22,5): error TS7026: JSX element implicitly has type 'any' because no interface 'JSX.IntrinsicElements' exists.
components/Sidebar.tsx(23,9): error TS7026: JSX element implicitly has type 'any' because no interface 'JSX.IntrinsicElements' exists.
components/Sidebar.tsx(24,5): error TS7026: JSX element implicitly has type 'any' because no interface 'JSX.IntrinsicElements' exists.
components/Sidebar.tsx(27,5): error TS7026: JSX element implicitly has type 'any' because no interface 'JSX.IntrinsicElements' exists.
components/Sidebar.tsx(28,9): error TS7026: JSX element implicitly has type 'any' because no interface 'JSX.IntrinsicElements' exists.
components/Sidebar.tsx(29,5): error TS7026: JSX element implicitly has type 'any' because no interface 'JSX.IntrinsicElements' exists.
components/Sidebar.tsx(32,5): error TS7026: JSX element implicitly has type 'any' because no interface 'JSX.IntrinsicElements' exists.
components/Sidebar.tsx(33,9): error TS7026: JSX element implicitly has type 'any' because no interface 'JSX.IntrinsicElements' exists.
components/Sidebar.tsx(34,5): error TS7026: JSX element implicitly has type 'any' because no interface 'JSX.IntrinsicElements' exists.
components/Sidebar.tsx(37,5): error TS7026: JSX element implicitly has type 'any' because no interface 'JSX.IntrinsicElements' exists.
components/Sidebar.tsx(38,9): error TS7026: JSX element implicitly has type 'any' because no interface 'JSX.IntrinsicElements' exists.
components/Sidebar.tsx(39,5): error TS7026: JSX element implicitly has type 'any' because no interface 'JSX.IntrinsicElements' exists.
components/Sidebar.tsx(42,61): error TS7026: JSX element implicitly has type 'any' because no interface 'JSX.IntrinsicElements' exists.
components/Sidebar.tsx(42,164): error TS7026: JSX element implicitly has type 'any' because no interface 'JSX.IntrinsicElements' exists.
components/Sidebar.tsx(42,537): error TS7026: JSX element implicitly has type 'any' because no interface 'JSX.IntrinsicElements' exists.
components/Sidebar.tsx(43,65): error TS7026: JSX element implicitly has type 'any' because no interface 'JSX.IntrinsicElements' exists.
components/Sidebar.tsx(43,168): error TS7026: JSX element implicitly has type 'any' because no interface 'JSX.IntrinsicElements' exists.
components/Sidebar.tsx(43,371): error TS7026: JSX element implicitly has type 'any' because no interface 'JSX.IntrinsicElements' exists.
components/Sidebar.tsx(44,66): error TS7026: JSX element implicitly has type 'any' because no interface 'JSX.IntrinsicElements' exists.
components/Sidebar.tsx(44,169): error TS7026: JSX element implicitly has type 'any' because no interface 'JSX.IntrinsicElements' exists.
components/Sidebar.tsx(44,641): error TS7026: JSX element implicitly has type 'any' because no interface 'JSX.IntrinsicElements' exists.
components/Sidebar.tsx(45,65): error TS7026: JSX element implicitly has type 'any' because no interface 'JSX.IntrinsicElements' exists.
components/Sidebar.tsx(45,168): error TS7026: JSX element implicitly has type 'any' because no interface 'JSX.IntrinsicElements' exists.
components/Sidebar.tsx(45,443): error TS7026: JSX element implicitly has type 'any' because no interface 'JSX.IntrinsicElements' exists.
components/Sidebar.tsx(46,63): error TS7026: JSX element implicitly has type 'any' because no interface 'JSX.IntrinsicElements' exists.
components/Sidebar.tsx(46,166): error TS7026: JSX element implicitly has type 'any' because no interface 'JSX.IntrinsicElements' exists.
components/Sidebar.tsx(46,356): error TS7026: JSX element implicitly has type 'any' because no interface 'JSX.IntrinsicElements' exists.
components/Sidebar.tsx(47,64): error TS7026: JSX element implicitly has type 'any' because no interface 'JSX.IntrinsicElements' exists.
components/Sidebar.tsx(47,167): error TS7026: JSX element implicitly has type 'any' because no interface 'JSX.IntrinsicElements' exists.
components/Sidebar.tsx(47,214): error TS7026: JSX element implicitly has type 'any' because no interface 'JSX.IntrinsicElements' exists.
components/Sidebar.tsx(47,442): error TS7026: JSX element implicitly has type 'any' because no interface 'JSX.IntrinsicElements' exists.
components/Sidebar.tsx(48,64): error TS7026: JSX element implicitly has type 'any' because no interface 'JSX.IntrinsicElements' exists.
components/Sidebar.tsx(48,199): error TS7026: JSX element implicitly has type 'any' because no interface 'JSX.IntrinsicElements' exists.
components/Sidebar.tsx(48,393): error TS7026: JSX element implicitly has type 'any' because no interface 'JSX.IntrinsicElements' exists.
components/Sidebar.tsx(49,66): error TS7026: JSX element implicitly has type 'any' because no interface 'JSX.IntrinsicElements' exists.
components/Sidebar.tsx(49,169): error TS7026: JSX element implicitly has type 'any' because no interface 'JSX.IntrinsicElements' exists.
components/Sidebar.tsx(49,366): error TS7026: JSX element implicitly has type 'any' because no interface 'JSX.IntrinsicElements' exists.
components/Sidebar.tsx(50,67): error TS7026: JSX element implicitly has type 'any' because no interface 'JSX.IntrinsicElements' exists.
components/Sidebar.tsx(50,202): error TS7026: JSX element implicitly has type 'any' because no interface 'JSX.IntrinsicElements' exists.
components/Sidebar.tsx(50,252): error TS7026: JSX element implicitly has type 'any' because no interface 'JSX.IntrinsicElements' exists.
components/Sidebar.tsx(50,284): error TS7026: JSX element implicitly has type 'any' because no interface 'JSX.IntrinsicElements' exists.
components/Sidebar.tsx(50,330): error TS7026: JSX element implicitly has type 'any' because no interface 'JSX.IntrinsicElements' exists.
components/Sidebar.tsx(51,59): error TS7026: JSX element implicitly has type 'any' because no interface 'JSX.IntrinsicElements' exists.
components/Sidebar.tsx(51,162): error TS7026: JSX element implicitly has type 'any' because no interface 'JSX.IntrinsicElements' exists.
components/Sidebar.tsx(51,331): error TS7026: JSX element implicitly has type 'any' because no interface 'JSX.IntrinsicElements' exists.
components/Sidebar.tsx(91,5): error TS7031: Binding element 'onToggleTaskBoard' implicitly has an 'any' type.
components/Sidebar.tsx(92,5): error TS7031: Binding element 'onToggleConnections' implicitly has an 'any' type.
components/Sidebar.tsx(93,5): error TS7031: Binding element 'onToggleArchive' implicitly has an 'any' type.
components/Sidebar.tsx(94,5): error TS7031: Binding element 'onToggleSettings' implicitly has an 'any' type.
components/Sidebar.tsx(95,5): error TS7031: Binding element 'onToggleEbay' implicitly has an 'any' type.
components/Sidebar.tsx(96,5): error TS7031: Binding element 'onToggleEngine' implicitly has an 'any' type.
components/Sidebar.tsx(97,5): error TS7031: Binding element 'activeWorkspace' implicitly has an 'any' type.
components/Sidebar.tsx(98,5): error TS7031: Binding element 'onSelectWorkspace' implicitly has an 'any' type.
components/Sidebar.tsx(99,5): error TS7031: Binding element 'user' implicitly has an 'any' type.
components/Sidebar.tsx(112,9): error TS7026: JSX element implicitly has type 'any' because no interface 'JSX.IntrinsicElements' exists.
components/Sidebar.tsx(113,13): error TS7026: JSX element implicitly has type 'any' because no interface 'JSX.IntrinsicElements' exists.
components/Sidebar.tsx(115,13): error TS7026: JSX element implicitly has type 'any' because no interface 'JSX.IntrinsicElements' exists.
components/Sidebar.tsx(117,13): error TS7026: JSX element implicitly has type 'any' because no interface 'JSX.IntrinsicElements' exists.
components/Sidebar.tsx(120,17): error TS7026: JSX element implicitly has type 'any' because no interface 'JSX.IntrinsicElements' exists.
components/Sidebar.tsx(122,25): error TS7026: JSX element implicitly has type 'any' because no interface 'JSX.IntrinsicElements' exists.
components/Sidebar.tsx(128,29): error TS7026: JSX element implicitly has type 'any' because no interface 'JSX.IntrinsicElements' exists.
components/Sidebar.tsx(128,167): error TS7026: JSX element implicitly has type 'any' because no interface 'JSX.IntrinsicElements' exists.
components/Sidebar.tsx(129,25): error TS7026: JSX element implicitly has type 'any' because no interface 'JSX.IntrinsicElements' exists.
components/Sidebar.tsx(131,17): error TS7026: JSX element implicitly has type 'any' because no interface 'JSX.IntrinsicElements' exists.
components/Sidebar.tsx(133,17): error TS7026: JSX element implicitly has type 'any' because no interface 'JSX.IntrinsicElements' exists.
components/Sidebar.tsx(133,67): error TS7026: JSX element implicitly has type 'any' because no interface 'JSX.IntrinsicElements' exists.
components/Sidebar.tsx(136,17): error TS7026: JSX element implicitly has type 'any' because no interface 'JSX.IntrinsicElements' exists.
components/Sidebar.tsx(137,21): error TS7026: JSX element implicitly has type 'any' because no interface 'JSX.IntrinsicElements' exists.
components/Sidebar.tsx(138,25): error TS7026: JSX element implicitly has type 'any' because no interface 'JSX.IntrinsicElements' exists.
components/Sidebar.tsx(138,114): error TS7026: JSX element implicitly has type 'any' because no interface 'JSX.IntrinsicElements' exists.
components/Sidebar.tsx(139,21): error TS7026: JSX element implicitly has type 'any' because no interface 'JSX.IntrinsicElements' exists.
components/Sidebar.tsx(141,25): error TS7026: JSX element implicitly has type 'any' because no interface 'JSX.IntrinsicElements' exists.
components/Sidebar.tsx(150,33): error TS7026: JSX element implicitly has type 'any' because no interface 'JSX.IntrinsicElements' exists.
components/Sidebar.tsx(150,107): error TS7026: JSX element implicitly has type 'any' because no interface 'JSX.IntrinsicElements' exists.
components/Sidebar.tsx(153,29): error TS7026: JSX element implicitly has type 'any' because no interface 'JSX.IntrinsicElements' exists.
components/Sidebar.tsx(153,167): error TS7026: JSX element implicitly has type 'any' because no interface 'JSX.IntrinsicElements' exists.
components/Sidebar.tsx(154,25): error TS7026: JSX element implicitly has type 'any' because no interface 'JSX.IntrinsicElements' exists.
components/Sidebar.tsx(156,17): error TS7026: JSX element implicitly has type 'any' because no interface 'JSX.IntrinsicElements' exists.
components/Sidebar.tsx(158,17): error TS7026: JSX element implicitly has type 'any' because no interface 'JSX.IntrinsicElements' exists.
components/Sidebar.tsx(158,67): error TS7026: JSX element implicitly has type 'any' because no interface 'JSX.IntrinsicElements' exists.
components/Sidebar.tsx(161,17): error TS7026: JSX element implicitly has type 'any' because no interface 'JSX.IntrinsicElements' exists.
components/Sidebar.tsx(162,21): error TS7026: JSX element implicitly has type 'any' because no interface 'JSX.IntrinsicElements' exists.
components/Sidebar.tsx(164,25): error TS7026: JSX element implicitly has type 'any' because no interface 'JSX.IntrinsicElements' exists.
components/Sidebar.tsx(164,164): error TS7026: JSX element implicitly has type 'any' because no interface 'JSX.IntrinsicElements' exists.
components/Sidebar.tsx(165,21): error TS7026: JSX element implicitly has type 'any' because no interface 'JSX.IntrinsicElements' exists.
components/Sidebar.tsx(167,21): error TS7026: JSX element implicitly has type 'any' because no interface 'JSX.IntrinsicElements' exists.
components/Sidebar.tsx(169,29): error TS7026: JSX element implicitly has type 'any' because no interface 'JSX.IntrinsicElements' exists.
components/Sidebar.tsx(172,29): error TS7026: JSX element implicitly has type 'any' because no interface 'JSX.IntrinsicElements' exists.
components/Sidebar.tsx(174,21): error TS7026: JSX element implicitly has type 'any' because no interface 'JSX.IntrinsicElements' exists.
components/Sidebar.tsx(175,17): error TS7026: JSX element implicitly has type 'any' because no interface 'JSX.IntrinsicElements' exists.
components/Sidebar.tsx(177,13): error TS7026: JSX element implicitly has type 'any' because no interface 'JSX.IntrinsicElements' exists.
components/Sidebar.tsx(181,17): error TS7026: JSX element implicitly has type 'any' because no interface 'JSX.IntrinsicElements' exists.
components/Sidebar.tsx(182,21): error TS7026: JSX element implicitly has type 'any' because no interface 'JSX.IntrinsicElements' exists.
components/Sidebar.tsx(184,29): error TS7026: JSX element implicitly has type 'any' because no interface 'JSX.IntrinsicElements' exists.
components/Sidebar.tsx(186,29): error TS7026: JSX element implicitly has type 'any' because no interface 'JSX.IntrinsicElements' exists.
components/Sidebar.tsx(188,29): error TS7026: JSX element implicitly has type 'any' because no interface 'JSX.IntrinsicElements' exists.
components/Sidebar.tsx(190,25): error TS7026: JSX element implicitly has type 'any' because no interface 'JSX.IntrinsicElements' exists.
components/Sidebar.tsx(191,29): error TS7026: JSX element implicitly has type 'any' because no interface 'JSX.IntrinsicElements' exists.
components/Sidebar.tsx(191,106): error TS7026: JSX element implicitly has type 'any' because no interface 'JSX.IntrinsicElements' exists.
components/Sidebar.tsx(192,29): error TS7026: JSX element implicitly has type 'any' because no interface 'JSX.IntrinsicElements' exists.
components/Sidebar.tsx(197,29): error TS7026: JSX element implicitly has type 'any' because no interface 'JSX.IntrinsicElements' exists.
components/Sidebar.tsx(198,25): error TS7026: JSX element implicitly has type 'any' because no interface 'JSX.IntrinsicElements' exists.
components/Sidebar.tsx(199,21): error TS7026: JSX element implicitly has type 'any' because no interface 'JSX.IntrinsicElements' exists.
components/Sidebar.tsx(200,17): error TS7026: JSX element implicitly has type 'any' because no interface 'JSX.IntrinsicElements' exists.
components/Sidebar.tsx(202,9): error TS7026: JSX element implicitly has type 'any' because no interface 'JSX.IntrinsicElements' exists.
components/TaskBoard.tsx(1,42): error TS7016: Could not find a declaration file for module 'react'. 'C:/V3/VEE/VEE-THREE/node_modules/react/index.js' implicitly has an 'any' type.
  Try `npm i --save-dev @types/react` if it exists or add a new declaration (.d.ts) file containing `declare module 'react';`
components/TaskBoard.tsx(6,56): error TS7031: Binding element 'className' implicitly has an 'any' type.
components/TaskBoard.tsx(7,3): error TS7026: JSX element implicitly has type 'any' because no interface 'JSX.IntrinsicElements' exists.
components/TaskBoard.tsx(7,3): error TS7016: Could not find a declaration file for module 'react/jsx-runtime'. 'C:/V3/VEE/VEE-THREE/node_modules/react/jsx-runtime.js' implicitly has an 'any' type.
  Try `npm i --save-dev @types/react` if it exists or add a new declaration (.d.ts) file containing `declare module 'react/jsx-runtime';`
components/TaskBoard.tsx(8,5): error TS7026: JSX element implicitly has type 'any' because no interface 'JSX.IntrinsicElements' exists.
components/TaskBoard.tsx(9,3): error TS7026: JSX element implicitly has type 'any' because no interface 'JSX.IntrinsicElements' exists.
components/TaskBoard.tsx(11,55): error TS7031: Binding element 'className' implicitly has an 'any' type.
components/TaskBoard.tsx(12,5): error TS7026: JSX element implicitly has type 'any' because no interface 'JSX.IntrinsicElements' exists.
components/TaskBoard.tsx(13,7): error TS7026: JSX element implicitly has type 'any' because no interface 'JSX.IntrinsicElements' exists.
components/TaskBoard.tsx(14,5): error TS7026: JSX element implicitly has type 'any' because no interface 'JSX.IntrinsicElements' exists.
components/TaskBoard.tsx(29,3): error TS7031: Binding element 'isOpen' implicitly has an 'any' type.
components/TaskBoard.tsx(29,11): error TS7031: Binding element 'onClose' implicitly has an 'any' type.
components/TaskBoard.tsx(29,20): error TS7031: Binding element 'tasks' implicitly has an 'any' type.
components/TaskBoard.tsx(29,27): error TS7031: Binding element 'onAddTask' implicitly has an 'any' type.
components/TaskBoard.tsx(29,38): error TS7031: Binding element 'onUpdateTaskStatus' implicitly has an 'any' type.
components/TaskBoard.tsx(29,58): error TS7031: Binding element 'onUpdateTaskContent' implicitly has an 'any' type.
components/TaskBoard.tsx(29,79): error TS7031: Binding element 'onDeleteTask' implicitly has an 'any' type.
components/TaskBoard.tsx(47,30): error TS7006: Parameter 'acc' implicitly has an 'any' type.
components/TaskBoard.tsx(47,35): error TS7006: Parameter 'task' implicitly has an 'any' type.
components/TaskBoard.tsx(59,9): error TS7026: JSX element implicitly has type 'any' because no interface 'JSX.IntrinsicElements' exists.
components/TaskBoard.tsx(60,13): error TS7026: JSX element implicitly has type 'any' because no interface 'JSX.IntrinsicElements' exists.
components/TaskBoard.tsx(60,139): error TS7006: Parameter 'e' implicitly has an 'any' type.
components/TaskBoard.tsx(61,17): error TS7026: JSX element implicitly has type 'any' because no interface 'JSX.IntrinsicElements' exists.
components/TaskBoard.tsx(62,21): error TS7026: JSX element implicitly has type 'any' because no interface 'JSX.IntrinsicElements' exists.
components/TaskBoard.tsx(62,83): error TS7026: JSX element implicitly has type 'any' because no interface 'JSX.IntrinsicElements' exists.
components/TaskBoard.tsx(63,21): error TS7026: JSX element implicitly has type 'any' because no interface 'JSX.IntrinsicElements' exists.
components/TaskBoard.tsx(65,21): error TS7026: JSX element implicitly has type 'any' because no interface 'JSX.IntrinsicElements' exists.
components/TaskBoard.tsx(66,17): error TS7026: JSX element implicitly has type 'any' because no interface 'JSX.IntrinsicElements' exists.
components/TaskBoard.tsx(67,17): error TS7026: JSX element implicitly has type 'any' because no interface 'JSX.IntrinsicElements' exists.
components/TaskBoard.tsx(78,17): error TS7026: JSX element implicitly has type 'any' because no interface 'JSX.IntrinsicElements' exists.
components/TaskBoard.tsx(79,17): error TS7026: JSX element implicitly has type 'any' because no interface 'JSX.IntrinsicElements' exists.
components/TaskBoard.tsx(80,21): error TS7026: JSX element implicitly has type 'any' because no interface 'JSX.IntrinsicElements' exists.
components/TaskBoard.tsx(81,25): error TS7026: JSX element implicitly has type 'any' because no interface 'JSX.IntrinsicElements' exists.
components/TaskBoard.tsx(84,40): error TS7006: Parameter 'e' implicitly has an 'any' type.
components/TaskBoard.tsx(89,25): error TS7026: JSX element implicitly has type 'any' because no interface 'JSX.IntrinsicElements' exists.
components/TaskBoard.tsx(95,25): error TS7026: JSX element implicitly has type 'any' because no interface 'JSX.IntrinsicElements' exists.
components/TaskBoard.tsx(96,21): error TS7026: JSX element implicitly has type 'any' because no interface 'JSX.IntrinsicElements' exists.
components/TaskBoard.tsx(97,17): error TS7026: JSX element implicitly has type 'any' because no interface 'JSX.IntrinsicElements' exists.
components/TaskBoard.tsx(98,13): error TS7026: JSX element implicitly has type 'any' because no interface 'JSX.IntrinsicElements' exists.
components/TaskBoard.tsx(99,9): error TS7026: JSX element implicitly has type 'any' because no interface 'JSX.IntrinsicElements' exists.
components/TaskCard.tsx(1,52): error TS7016: Could not find a declaration file for module 'react'. 'C:/V3/VEE/VEE-THREE/node_modules/react/index.js' implicitly has an 'any' type.
  Try `npm i --save-dev @types/react` if it exists or add a new declaration (.d.ts) file containing `declare module 'react';`
components/TaskCard.tsx(11,56): error TS7031: Binding element 'className' implicitly has an 'any' type.
components/TaskCard.tsx(12,3): error TS7026: JSX element implicitly has type 'any' because no interface 'JSX.IntrinsicElements' exists.
components/TaskCard.tsx(12,3): error TS7016: Could not find a declaration file for module 'react/jsx-runtime'. 'C:/V3/VEE/VEE-THREE/node_modules/react/jsx-runtime.js' implicitly has an 'any' type.
  Try `npm i --save-dev @types/react` if it exists or add a new declaration (.d.ts) file containing `declare module 'react/jsx-runtime';`
components/TaskCard.tsx(13,5): error TS7026: JSX element implicitly has type 'any' because no interface 'JSX.IntrinsicElements' exists.
components/TaskCard.tsx(14,3): error TS7026: JSX element implicitly has type 'any' because no interface 'JSX.IntrinsicElements' exists.
components/TaskCard.tsx(16,55): error TS7031: Binding element 'className' implicitly has an 'any' type.
components/TaskCard.tsx(17,3): error TS7026: JSX element implicitly has type 'any' because no interface 'JSX.IntrinsicElements' exists.
components/TaskCard.tsx(18,5): error TS7026: JSX element implicitly has type 'any' because no interface 'JSX.IntrinsicElements' exists.
components/TaskCard.tsx(19,5): error TS7026: JSX element implicitly has type 'any' because no interface 'JSX.IntrinsicElements' exists.
components/TaskCard.tsx(20,3): error TS7026: JSX element implicitly has type 'any' because no interface 'JSX.IntrinsicElements' exists.
components/TaskCard.tsx(22,56): error TS7031: Binding element 'className' implicitly has an 'any' type.
components/TaskCard.tsx(23,3): error TS7026: JSX element implicitly has type 'any' because no interface 'JSX.IntrinsicElements' exists.
components/TaskCard.tsx(24,5): error TS7026: JSX element implicitly has type 'any' because no interface 'JSX.IntrinsicElements' exists.
components/TaskCard.tsx(25,3): error TS7026: JSX element implicitly has type 'any' because no interface 'JSX.IntrinsicElements' exists.
components/TaskCard.tsx(27,56): error TS7031: Binding element 'className' implicitly has an 'any' type.
components/TaskCard.tsx(28,3): error TS7026: JSX element implicitly has type 'any' because no interface 'JSX.IntrinsicElements' exists.
components/TaskCard.tsx(29,5): error TS7026: JSX element implicitly has type 'any' because no interface 'JSX.IntrinsicElements' exists.
components/TaskCard.tsx(30,3): error TS7026: JSX element implicitly has type 'any' because no interface 'JSX.IntrinsicElements' exists.
components/TaskCard.tsx(33,46): error TS7031: Binding element 'task' implicitly has an 'any' type.
components/TaskCard.tsx(33,52): error TS7031: Binding element 'onUpdateContent' implicitly has an 'any' type.
components/TaskCard.tsx(33,69): error TS7031: Binding element 'onDelete' implicitly has an 'any' type.
components/TaskCard.tsx(65,5): error TS7026: JSX element implicitly has type 'any' because no interface 'JSX.IntrinsicElements' exists.
components/TaskCard.tsx(71,9): error TS7026: JSX element implicitly has type 'any' because no interface 'JSX.IntrinsicElements' exists.
components/TaskCard.tsx(72,11): error TS7026: JSX element implicitly has type 'any' because no interface 'JSX.IntrinsicElements' exists.
components/TaskCard.tsx(75,24): error TS7006: Parameter 'e' implicitly has an 'any' type.
components/TaskCard.tsx(77,25): error TS7006: Parameter 'e' implicitly has an 'any' type.
components/TaskCard.tsx(84,11): error TS7026: JSX element implicitly has type 'any' because no interface 'JSX.IntrinsicElements' exists.
components/TaskCard.tsx(85,13): error TS7026: JSX element implicitly has type 'any' because no interface 'JSX.IntrinsicElements' exists.
components/TaskCard.tsx(85,180): error TS7026: JSX element implicitly has type 'any' because no interface 'JSX.IntrinsicElements' exists.
components/TaskCard.tsx(86,13): error TS7026: JSX element implicitly has type 'any' because no interface 'JSX.IntrinsicElements' exists.
components/TaskCard.tsx(86,181): error TS7026: JSX element implicitly has type 'any' because no interface 'JSX.IntrinsicElements' exists.
components/TaskCard.tsx(87,11): error TS7026: JSX element implicitly has type 'any' because no interface 'JSX.IntrinsicElements' exists.
components/TaskCard.tsx(88,9): error TS7026: JSX element implicitly has type 'any' because no interface 'JSX.IntrinsicElements' exists.
components/TaskCard.tsx(90,9): error TS7026: JSX element implicitly has type 'any' because no interface 'JSX.IntrinsicElements' exists.
components/TaskCard.tsx(91,11): error TS7026: JSX element implicitly has type 'any' because no interface 'JSX.IntrinsicElements' exists.
components/TaskCard.tsx(91,79): error TS7026: JSX element implicitly has type 'any' because no interface 'JSX.IntrinsicElements' exists.
components/TaskCard.tsx(92,11): error TS7026: JSX element implicitly has type 'any' because no interface 'JSX.IntrinsicElements' exists.
components/TaskCard.tsx(93,13): error TS7026: JSX element implicitly has type 'any' because no interface 'JSX.IntrinsicElements' exists.
components/TaskCard.tsx(93,193): error TS7026: JSX element implicitly has type 'any' because no interface 'JSX.IntrinsicElements' exists.
components/TaskCard.tsx(94,13): error TS7026: JSX element implicitly has type 'any' because no interface 'JSX.IntrinsicElements' exists.
components/TaskCard.tsx(94,193): error TS7026: JSX element implicitly has type 'any' because no interface 'JSX.IntrinsicElements' exists.
components/TaskCard.tsx(95,11): error TS7026: JSX element implicitly has type 'any' because no interface 'JSX.IntrinsicElements' exists.
components/TaskCard.tsx(96,9): error TS7026: JSX element implicitly has type 'any' because no interface 'JSX.IntrinsicElements' exists.
components/TaskCard.tsx(98,5): error TS7026: JSX element implicitly has type 'any' because no interface 'JSX.IntrinsicElements' exists.
components/TaskColumn.tsx(1,33): error TS7016: Could not find a declaration file for module 'react'. 'C:/V3/VEE/VEE-THREE/node_modules/react/index.js' implicitly has an 'any' type.
  Try `npm i --save-dev @types/react` if it exists or add a new declaration (.d.ts) file containing `declare module 'react';`
components/TaskColumn.tsx(19,50): error TS7031: Binding element 'status' implicitly has an 'any' type.
components/TaskColumn.tsx(19,58): error TS7031: Binding element 'tasks' implicitly has an 'any' type.
components/TaskColumn.tsx(19,65): error TS7031: Binding element 'onUpdateContent' implicitly has an 'any' type.
components/TaskColumn.tsx(19,82): error TS7031: Binding element 'onDelete' implicitly has an 'any' type.
components/TaskColumn.tsx(19,92): error TS7031: Binding element 'onDrop' implicitly has an 'any' type.
components/TaskColumn.tsx(41,5): error TS7026: JSX element implicitly has type 'any' because no interface 'JSX.IntrinsicElements' exists.
components/TaskColumn.tsx(41,5): error TS7016: Could not find a declaration file for module 'react/jsx-runtime'. 'C:/V3/VEE/VEE-THREE/node_modules/react/jsx-runtime.js' implicitly has an 'any' type.
  Try `npm i --save-dev @types/react` if it exists or add a new declaration (.d.ts) file containing `declare module 'react/jsx-runtime';`
components/TaskColumn.tsx(47,7): error TS7026: JSX element implicitly has type 'any' because no interface 'JSX.IntrinsicElements' exists.
components/TaskColumn.tsx(47,82): error TS7053: Element implicitly has an 'any' type because expression of type 'any' can't be used to index type 'Record<TaskStatus, string>'.
components/TaskColumn.tsx(47,115): error TS7026: JSX element implicitly has type 'any' because no interface 'JSX.IntrinsicElements' exists.
components/TaskColumn.tsx(47,183): error TS7026: JSX element implicitly has type 'any' because no interface 'JSX.IntrinsicElements' exists.
components/TaskColumn.tsx(47,190): error TS7026: JSX element implicitly has type 'any' because no interface 'JSX.IntrinsicElements' exists.
components/TaskColumn.tsx(48,7): error TS7026: JSX element implicitly has type 'any' because no interface 'JSX.IntrinsicElements' exists.
components/TaskColumn.tsx(49,20): error TS7006: Parameter 'task' implicitly has an 'any' type.
components/TaskColumn.tsx(52,7): error TS7026: JSX element implicitly has type 'any' because no interface 'JSX.IntrinsicElements' exists.
components/TaskColumn.tsx(53,5): error TS7026: JSX element implicitly has type 'any' because no interface 'JSX.IntrinsicElements' exists.
index.tsx(2,19): error TS7016: Could not find a declaration file for module 'react'. 'C:/V3/VEE/VEE-THREE/node_modules/react/index.js' implicitly has an 'any' type.
  Try `npm i --save-dev @types/react` if it exists or add a new declaration (.d.ts) file containing `declare module 'react';`
index.tsx(3,22): error TS7016: Could not find a declaration file for module 'react-dom/client'. 'C:/V3/VEE/VEE-THREE/node_modules/react-dom/client.js' implicitly has an 'any' type.
  Try `npm i --save-dev @types/react-dom` if it exists or add a new declaration (.d.ts) file containing `declare module 'react-dom/client';`
index.tsx(13,3): error TS7016: Could not find a declaration file for module 'react/jsx-runtime'. 'C:/V3/VEE/VEE-THREE/node_modules/react/jsx-runtime.js' implicitly has an 'any' type.
  Try `npm i --save-dev @types/react` if it exists or add a new declaration (.d.ts) file containing `declare module 'react/jsx-runtime';`
services/geminiService.ts(694,25): error TS18048: 'response.candidates' is possibly 'undefined'.
services/geminiService.ts(694,25): error TS2532: Object is possibly 'undefined'.
services/geminiService.ts(694,25): error TS2532: Object is possibly 'undefined'.
services/geminiService.ts(695,31): error TS2322: Type 'string | undefined' is not assignable to type 'string | null'.
  Type 'undefined' is not assignable to type 'string | null'.
services/geminiService.ts(717,16): error TS18048: 'response.generatedImages' is possibly 'undefined'.
services/geminiService.ts(717,16): error TS2532: Object is possibly 'undefined'.
services/geminiService.ts(792,18): error TS2322: Type 'string | undefined' is not assignable to type 'string'.
  Type 'undefined' is not assignable to type 'string'.
src/pages/EngineView.tsx(1,44): error TS7016: Could not find a declaration file for module 'react'. 'C:/V3/VEE/VEE-THREE/node_modules/react/index.js' implicitly has an 'any' type.
  Try `npm i --save-dev @types/react` if it exists or add a new declaration (.d.ts) file containing `declare module 'react';`
src/pages/EngineView.tsx(6,56): error TS7031: Binding element 'className' implicitly has an 'any' type.
src/pages/EngineView.tsx(7,5): error TS7026: JSX element implicitly has type 'any' because no interface 'JSX.IntrinsicElements' exists.
src/pages/EngineView.tsx(7,5): error TS7016: Could not find a declaration file for module 'react/jsx-runtime'. 'C:/V3/VEE/VEE-THREE/node_modules/react/jsx-runtime.js' implicitly has an 'any' type.
  Try `npm i --save-dev @types/react` if it exists or add a new declaration (.d.ts) file containing `declare module 'react/jsx-runtime';`
src/pages/EngineView.tsx(8,9): error TS7026: JSX element implicitly has type 'any' because no interface 'JSX.IntrinsicElements' exists.
src/pages/EngineView.tsx(9,5): error TS7026: JSX element implicitly has type 'any' because no interface 'JSX.IntrinsicElements' exists.
src/pages/EngineView.tsx(17,50): error TS7031: Binding element 'isOpen' implicitly has an 'any' type.
src/pages/EngineView.tsx(17,58): error TS7031: Binding element 'onClose' implicitly has an 'any' type.
src/pages/EngineView.tsx(91,35): error TS7006: Parameter 'j' implicitly has an 'any' type.
src/pages/EngineView.tsx(92,35): error TS7006: Parameter 'j' implicitly has an 'any' type.
src/pages/EngineView.tsx(93,38): error TS7006: Parameter 't' implicitly has an 'any' type.
src/pages/EngineView.tsx(96,9): error TS7026: JSX element implicitly has type 'any' because no interface 'JSX.IntrinsicElements' exists.
src/pages/EngineView.tsx(97,13): error TS7026: JSX element implicitly has type 'any' because no interface 'JSX.IntrinsicElements' exists.
src/pages/EngineView.tsx(97,51): error TS7006: Parameter 'e' implicitly has an 'any' type.
src/pages/EngineView.tsx(98,17): error TS7026: JSX element implicitly has type 'any' because no interface 'JSX.IntrinsicElements' exists.
src/pages/EngineView.tsx(99,21): error TS7026: JSX element implicitly has type 'any' because no interface 'JSX.IntrinsicElements' exists.
src/pages/EngineView.tsx(100,25): error TS7026: JSX element implicitly has type 'any' because no interface 'JSX.IntrinsicElements' exists.
src/pages/EngineView.tsx(100,49): error TS7026: JSX element implicitly has type 'any' because no interface 'JSX.IntrinsicElements' exists.
src/pages/EngineView.tsx(101,25): error TS7026: JSX element implicitly has type 'any' because no interface 'JSX.IntrinsicElements' exists.
src/pages/EngineView.tsx(101,99): error TS7026: JSX element implicitly has type 'any' because no interface 'JSX.IntrinsicElements' exists.
src/pages/EngineView.tsx(102,21): error TS7026: JSX element implicitly has type 'any' because no interface 'JSX.IntrinsicElements' exists.
src/pages/EngineView.tsx(103,21): error TS7026: JSX element implicitly has type 'any' because no interface 'JSX.IntrinsicElements' exists.
src/pages/EngineView.tsx(104,25): error TS7026: JSX element implicitly has type 'any' because no interface 'JSX.IntrinsicElements' exists.
src/pages/EngineView.tsx(106,25): error TS7026: JSX element implicitly has type 'any' because no interface 'JSX.IntrinsicElements' exists.
src/pages/EngineView.tsx(107,25): error TS7026: JSX element implicitly has type 'any' because no interface 'JSX.IntrinsicElements' exists.
src/pages/EngineView.tsx(109,25): error TS7026: JSX element implicitly has type 'any' because no interface 'JSX.IntrinsicElements' exists.
src/pages/EngineView.tsx(110,25): error TS7026: JSX element implicitly has type 'any' because no interface 'JSX.IntrinsicElements' exists.
src/pages/EngineView.tsx(110,91): error TS7026: JSX element implicitly has type 'any' because no interface 'JSX.IntrinsicElements' exists.
src/pages/EngineView.tsx(111,25): error TS7026: JSX element implicitly has type 'any' because no interface 'JSX.IntrinsicElements' exists.
src/pages/EngineView.tsx(113,25): error TS7026: JSX element implicitly has type 'any' because no interface 'JSX.IntrinsicElements' exists.
src/pages/EngineView.tsx(114,21): error TS7026: JSX element implicitly has type 'any' because no interface 'JSX.IntrinsicElements' exists.
src/pages/EngineView.tsx(115,17): error TS7026: JSX element implicitly has type 'any' because no interface 'JSX.IntrinsicElements' exists.
src/pages/EngineView.tsx(117,17): error TS7026: JSX element implicitly has type 'any' because no interface 'JSX.IntrinsicElements' exists.
src/pages/EngineView.tsx(119,21): error TS7026: JSX element implicitly has type 'any' because no interface 'JSX.IntrinsicElements' exists.
src/pages/EngineView.tsx(120,25): error TS7026: JSX element implicitly has type 'any' because no interface 'JSX.IntrinsicElements' exists.
src/pages/EngineView.tsx(120,38): error TS7026: JSX element implicitly has type 'any' because no interface 'JSX.IntrinsicElements' exists.
src/pages/EngineView.tsx(120,80): error TS7026: JSX element implicitly has type 'any' because no interface 'JSX.IntrinsicElements' exists.
src/pages/EngineView.tsx(120,87): error TS7026: JSX element implicitly has type 'any' because no interface 'JSX.IntrinsicElements' exists.
src/pages/EngineView.tsx(121,25): error TS7026: JSX element implicitly has type 'any' because no interface 'JSX.IntrinsicElements' exists.
src/pages/EngineView.tsx(122,56): error TS7026: JSX element implicitly has type 'any' because no interface 'JSX.IntrinsicElements' exists.
src/pages/EngineView.tsx(122,100): error TS7026: JSX element implicitly has type 'any' because no interface 'JSX.IntrinsicElements' exists.
src/pages/EngineView.tsx(123,44): error TS7006: Parameter 'job' implicitly has an 'any' type.
src/pages/EngineView.tsx(124,33): error TS7026: JSX element implicitly has type 'any' because no interface 'JSX.IntrinsicElements' exists.
src/pages/EngineView.tsx(125,37): error TS7026: JSX element implicitly has type 'any' because no interface 'JSX.IntrinsicElements' exists.
src/pages/EngineView.tsx(125,80): error TS7026: JSX element implicitly has type 'any' because no interface 'JSX.IntrinsicElements' exists.
src/pages/EngineView.tsx(126,37): error TS7026: JSX element implicitly has type 'any' because no interface 'JSX.IntrinsicElements' exists.
src/pages/EngineView.tsx(126,100): error TS7026: JSX element implicitly has type 'any' because no interface 'JSX.IntrinsicElements' exists.
src/pages/EngineView.tsx(127,37): error TS7026: JSX element implicitly has type 'any' because no interface 'JSX.IntrinsicElements' exists.
src/pages/EngineView.tsx(128,41): error TS7026: JSX element implicitly has type 'any' because no interface 'JSX.IntrinsicElements' exists.
src/pages/EngineView.tsx(130,41): error TS7026: JSX element implicitly has type 'any' because no interface 'JSX.IntrinsicElements' exists.
src/pages/EngineView.tsx(131,37): error TS7026: JSX element implicitly has type 'any' because no interface 'JSX.IntrinsicElements' exists.
src/pages/EngineView.tsx(132,33): error TS7026: JSX element implicitly has type 'any' because no interface 'JSX.IntrinsicElements' exists.
src/pages/EngineView.tsx(134,25): error TS7026: JSX element implicitly has type 'any' because no interface 'JSX.IntrinsicElements' exists.
src/pages/EngineView.tsx(135,21): error TS7026: JSX element implicitly has type 'any' because no interface 'JSX.IntrinsicElements' exists.
src/pages/EngineView.tsx(138,21): error TS7026: JSX element implicitly has type 'any' because no interface 'JSX.IntrinsicElements' exists.
src/pages/EngineView.tsx(139,25): error TS7026: JSX element implicitly has type 'any' because no interface 'JSX.IntrinsicElements' exists.
src/pages/EngineView.tsx(139,39): error TS7026: JSX element implicitly has type 'any' because no interface 'JSX.IntrinsicElements' exists.
src/pages/EngineView.tsx(139,81): error TS7026: JSX element implicitly has type 'any' because no interface 'JSX.IntrinsicElements' exists.
src/pages/EngineView.tsx(139,88): error TS7026: JSX element implicitly has type 'any' because no interface 'JSX.IntrinsicElements' exists.
src/pages/EngineView.tsx(140,25): error TS7026: JSX element implicitly has type 'any' because no interface 'JSX.IntrinsicElements' exists.
src/pages/EngineView.tsx(141,56): error TS7026: JSX element implicitly has type 'any' because no interface 'JSX.IntrinsicElements' exists.
src/pages/EngineView.tsx(141,109): error TS7026: JSX element implicitly has type 'any' because no interface 'JSX.IntrinsicElements' exists.
src/pages/EngineView.tsx(142,44): error TS7006: Parameter 'job' implicitly has an 'any' type.
src/pages/EngineView.tsx(143,33): error TS7026: JSX element implicitly has type 'any' because no interface 'JSX.IntrinsicElements' exists.
src/pages/EngineView.tsx(144,37): error TS7026: JSX element implicitly has type 'any' because no interface 'JSX.IntrinsicElements' exists.
src/pages/EngineView.tsx(144,88): error TS7026: JSX element implicitly has type 'any' because no interface 'JSX.IntrinsicElements' exists.
src/pages/EngineView.tsx(145,37): error TS7026: JSX element implicitly has type 'any' because no interface 'JSX.IntrinsicElements' exists.
src/pages/EngineView.tsx(145,86): error TS7026: JSX element implicitly has type 'any' because no interface 'JSX.IntrinsicElements' exists.
src/pages/EngineView.tsx(146,37): error TS7026: JSX element implicitly has type 'any' because no interface 'JSX.IntrinsicElements' exists.
src/pages/EngineView.tsx(149,45): error TS7026: JSX element implicitly has type 'any' because no interface 'JSX.IntrinsicElements' exists.
src/pages/EngineView.tsx(149,91): error TS7026: JSX element implicitly has type 'any' because no interface 'JSX.IntrinsicElements' exists.
src/pages/EngineView.tsx(152,45): error TS7026: JSX element implicitly has type 'any' because no interface 'JSX.IntrinsicElements' exists.
src/pages/EngineView.tsx(152,95): error TS7026: JSX element implicitly has type 'any' because no interface 'JSX.IntrinsicElements' exists.
src/pages/EngineView.tsx(154,37): error TS7026: JSX element implicitly has type 'any' because no interface 'JSX.IntrinsicElements' exists.
src/pages/EngineView.tsx(155,37): error TS7026: JSX element implicitly has type 'any' because no interface 'JSX.IntrinsicElements' exists.
src/pages/EngineView.tsx(156,41): error TS7026: JSX element implicitly has type 'any' because no interface 'JSX.IntrinsicElements' exists.
src/pages/EngineView.tsx(158,41): error TS7026: JSX element implicitly has type 'any' because no interface 'JSX.IntrinsicElements' exists.
src/pages/EngineView.tsx(159,41): error TS7026: JSX element implicitly has type 'any' because no interface 'JSX.IntrinsicElements' exists.
src/pages/EngineView.tsx(161,41): error TS7026: JSX element implicitly has type 'any' because no interface 'JSX.IntrinsicElements' exists.
src/pages/EngineView.tsx(162,37): error TS7026: JSX element implicitly has type 'any' because no interface 'JSX.IntrinsicElements' exists.
src/pages/EngineView.tsx(163,33): error TS7026: JSX element implicitly has type 'any' because no interface 'JSX.IntrinsicElements' exists.
src/pages/EngineView.tsx(165,25): error TS7026: JSX element implicitly has type 'any' because no interface 'JSX.IntrinsicElements' exists.
src/pages/EngineView.tsx(166,21): error TS7026: JSX element implicitly has type 'any' because no interface 'JSX.IntrinsicElements' exists.
src/pages/EngineView.tsx(169,21): error TS7026: JSX element implicitly has type 'any' because no interface 'JSX.IntrinsicElements' exists.
src/pages/EngineView.tsx(170,25): error TS7026: JSX element implicitly has type 'any' because no interface 'JSX.IntrinsicElements' exists.
src/pages/EngineView.tsx(170,43): error TS7026: JSX element implicitly has type 'any' because no interface 'JSX.IntrinsicElements' exists.
src/pages/EngineView.tsx(170,87): error TS7026: JSX element implicitly has type 'any' because no interface 'JSX.IntrinsicElements' exists.
src/pages/EngineView.tsx(170,94): error TS7026: JSX element implicitly has type 'any' because no interface 'JSX.IntrinsicElements' exists.
src/pages/EngineView.tsx(171,25): error TS7026: JSX element implicitly has type 'any' because no interface 'JSX.IntrinsicElements' exists.
src/pages/EngineView.tsx(172,58): error TS7026: JSX element implicitly has type 'any' because no interface 'JSX.IntrinsicElements' exists.
src/pages/EngineView.tsx(172,116): error TS7026: JSX element implicitly has type 'any' because no interface 'JSX.IntrinsicElements' exists.
src/pages/EngineView.tsx(173,46): error TS7006: Parameter 'task' implicitly has an 'any' type.
src/pages/EngineView.tsx(174,33): error TS7026: JSX element implicitly has type 'any' because no interface 'JSX.IntrinsicElements' exists.
src/pages/EngineView.tsx(175,37): error TS7026: JSX element implicitly has type 'any' because no interface 'JSX.IntrinsicElements' exists.
src/pages/EngineView.tsx(176,41): error TS7026: JSX element implicitly has type 'any' because no interface 'JSX.IntrinsicElements' exists.
src/pages/EngineView.tsx(176,118): error TS7026: JSX element implicitly has type 'any' because no interface 'JSX.IntrinsicElements' exists.
src/pages/EngineView.tsx(177,41): error TS7026: JSX element implicitly has type 'any' because no interface 'JSX.IntrinsicElements' exists.
src/pages/EngineView.tsx(177,111): error TS7026: JSX element implicitly has type 'any' because no interface 'JSX.IntrinsicElements' exists.
src/pages/EngineView.tsx(178,37): error TS7026: JSX element implicitly has type 'any' because no interface 'JSX.IntrinsicElements' exists.
src/pages/EngineView.tsx(179,37): error TS7026: JSX element implicitly has type 'any' because no interface 'JSX.IntrinsicElements' exists.
src/pages/EngineView.tsx(179,80): error TS7026: JSX element implicitly has type 'any' because no interface 'JSX.IntrinsicElements' exists.
src/pages/EngineView.tsx(180,37): error TS7026: JSX element implicitly has type 'any' because no interface 'JSX.IntrinsicElements' exists.
src/pages/EngineView.tsx(181,41): error TS7026: JSX element implicitly has type 'any' because no interface 'JSX.IntrinsicElements' exists.
src/pages/EngineView.tsx(183,41): error TS7026: JSX element implicitly has type 'any' because no interface 'JSX.IntrinsicElements' exists.
src/pages/EngineView.tsx(184,37): error TS7026: JSX element implicitly has type 'any' because no interface 'JSX.IntrinsicElements' exists.
src/pages/EngineView.tsx(185,33): error TS7026: JSX element implicitly has type 'any' because no interface 'JSX.IntrinsicElements' exists.
src/pages/EngineView.tsx(187,25): error TS7026: JSX element implicitly has type 'any' because no interface 'JSX.IntrinsicElements' exists.
src/pages/EngineView.tsx(188,21): error TS7026: JSX element implicitly has type 'any' because no interface 'JSX.IntrinsicElements' exists.
src/pages/EngineView.tsx(189,17): error TS7026: JSX element implicitly has type 'any' because no interface 'JSX.IntrinsicElements' exists.
src/pages/EngineView.tsx(190,13): error TS7026: JSX element implicitly has type 'any' because no interface 'JSX.IntrinsicElements' exists.
src/pages/EngineView.tsx(191,9): error TS7026: JSX element implicitly has type 'any' because no interface 'JSX.IntrinsicElements' exists.
